Component: Arm Compiler for Embedded 6.19 Tool: armlink [5e73cb00]

==============================================================================

Section Cross References

    main.o(.text) refers to system_gd32e23x.o(.text) for SystemCoreClockUpdate
    main.o(.text) refers to setup.o(.text) for Watchdog_init
    main.o(.text) refers to gd32e23x_gpio.o(.text) for gpio_bit_write
    main.o(.text) refers to gd32e23x_fwdgt.o(.text) for fwdgt_counter_reload
    main.o(.text) refers to commssteering.o(.text) for SendSteerDevice
    main.o(.text) refers to fflti.o(.text) for __aeabi_i2f
    main.o(.text) refers to f2d.o(.text) for __aeabi_f2d
    main.o(.text) refers to dmul.o(.text) for __aeabi_dmul
    main.o(.text) refers to ddiv.o(.text) for __aeabi_ddiv
    main.o(.text) refers to daddsub.o(.text) for __aeabi_dadd
    main.o(.text) refers to d2f.o(.text) for __aeabi_d2f
    main.o(.text) refers to fmul.o(x$fpl$fmul) for __aeabi_fmul
    main.o(.text) refers to ffixi.o(.text) for __aeabi_f2iz
    main.o(.text) refers to faddsub.o(x$fpl$fsub) for __aeabi_fsub
    main.o(.text) refers to fdiv.o(.text) for __aeabi_fdiv
    main.o(.text) refers to faddsub.o(x$fpl$fadd) for __aeabi_fadd
    main.o(.text) refers to fcmp.o(i._fls) for __aeabi_fcmplt
    main.o(.text) refers to bldc.o(.text) for SetEnable
    main.o(.text) refers to commsmasterslave.o(.text) for SendSlave
    main.o(.text) refers to fcmp.o(i._fleq) for __aeabi_fcmple
    main.o(.text) refers to fcmp.o(i._fgeq) for __aeabi_fcmpge
    main.o(.text) refers to it.o(.text) for Delay
    main.o(.text) refers to gd32e23x_usart.o(.text) for usart_deinit
    main.o(.text) refers to system_gd32e23x.o(.data.SystemCoreClock) for SystemCoreClock
    main.o(.text) refers to main.o(.bss.steerCounter) for steerCounter
    main.o(.text) refers to main.o(.bss.speed) for speed
    main.o(.text) refers to main.o(.bss.steer) for steer
    main.o(.text) refers to main.o(.rodata.lookUpTableAngle) for lookUpTableAngle
    main.o(.text) refers to it.o(.bss.timedOut) for timedOut
    main.o(.text) refers to bldc.o(.bss.realSpeed) for realSpeed
    main.o(.text) refers to bldc.o(.data.batteryVoltage) for batteryVoltage
    main.o(.text) refers to bldc.o(.bss.currentDC) for currentDC
    main.o(.text) refers to main.o(.bss.inactivity_timeout_counter) for inactivity_timeout_counter
    main.o(.ARM.exidx) refers to main.o(.text) for [Anonymous Symbol]
    bldc.o(.text) refers to bldc.o(.rodata..L__const.up_or_down.up_down) for [Anonymous Symbol]
    bldc.o(.text) refers to bldc.o(.bss.bldc_enable) for bldc_enable
    bldc.o(.text) refers to bldc.o(.bss.bldc_inputFilterPwm) for bldc_inputFilterPwm
    bldc.o(.text) refers to f2d.o(.text) for __aeabi_f2d
    bldc.o(.text) refers to dflti.o(.text) for __aeabi_ui2d
    bldc.o(.text) refers to dmul.o(.text) for __aeabi_dmul
    bldc.o(.text) refers to daddsub.o(.text) for __aeabi_dadd
    bldc.o(.text) refers to d2f.o(.text) for __aeabi_d2f
    bldc.o(.text) refers to fcmp.o(i._fgr) for __aeabi_fcmpgt
    bldc.o(.text) refers to gd32e23x_timer.o(.text) for timer_automatic_output_disable
    bldc.o(.text) refers to gd32e23x_gpio.o(.text) for gpio_input_bit_get
    bldc.o(.text) refers to fflti.o(.text) for __aeabi_ui2f
    bldc.o(.text) refers to fdiv.o(.text) for __aeabi_fdiv
    bldc.o(.text) refers to bldc.o(.bss.offsetcount) for offsetcount
    bldc.o(.text) refers to bldc.o(.bss.buzzerTimer) for buzzerTimer
    bldc.o(.text) refers to bldc.o(.data.batteryVoltage) for batteryVoltage
    bldc.o(.text) refers to bldc.o(.bss.adc_buffer) for adc_buffer
    bldc.o(.text) refers to bldc.o(.data.offsetdc) for offsetdc
    bldc.o(.text) refers to bldc.o(.bss.currentDC) for currentDC
    bldc.o(.text) refers to it.o(.bss.timedOut) for timedOut
    bldc.o(.text) refers to bldc.o(.bss.hall_a) for hall_a
    bldc.o(.text) refers to bldc.o(.bss.hall_b) for hall_b
    bldc.o(.text) refers to bldc.o(.bss.hall_c) for hall_c
    bldc.o(.text) refers to bldc.o(.bss.hall) for hall
    bldc.o(.text) refers to bldc.o(.bss.filter_reg) for filter_reg
    bldc.o(.text) refers to bldc.o(.rodata.hall_to_pos) for hall_to_pos
    bldc.o(.text) refers to bldc.o(.bss.pos) for pos
    bldc.o(.text) refers to bldc.o(.bss.bldc_outputFilterPwm) for bldc_outputFilterPwm
    bldc.o(.text) refers to bldc.o(.bss.lastPos) for lastPos
    bldc.o(.text) refers to bldc.o(.bss.iOdom) for iOdom
    bldc.o(.text) refers to bldc.o(.bss.speedCounter) for speedCounter
    bldc.o(.text) refers to bldc.o(.bss.realSpeed) for realSpeed
    bldc.o(.ARM.exidx) refers to bldc.o(.text) for [Anonymous Symbol]
    setup.o(.text) refers to gd32e23x_rcu.o(.text) for rcu_flag_get
    setup.o(.text) refers to gd32e23x_fwdgt.o(.text) for fwdgt_config
    setup.o(.text) refers to gd32e23x_timer.o(.text) for timer_deinit
    setup.o(.text) refers to gd32e23x_misc.o(.text) for nvic_irq_enable
[...]
    __arm_cp.0_2                             0x0800227c   Number         4  gd32e23x_rcu.o(.text)
    __arm_cp.0_3                             0x08002280   Number         4  gd32e23x_rcu.o(.text)
    __arm_cp.1_0                             0x08002298   Number         4  gd32e23x_rcu.o(.text)
    __arm_cp.2_0                             0x080022b0   Number         4  gd32e23x_rcu.o(.text)
    __arm_cp.3_0                             0x080022c8   Number         4  gd32e23x_rcu.o(.text)
    __arm_cp.4_0                             0x080022e0   Number         4  gd32e23x_rcu.o(.text)
    __arm_cp.5_0                             0x080022f8   Number         4  gd32e23x_rcu.o(.text)
    __arm_cp.6_0                             0x08002310   Number         4  gd32e23x_rcu.o(.text)
    __arm_cp.7_0                             0x08002324   Number         4  gd32e23x_rcu.o(.text)
    __arm_cp.8_0                             0x08002338   Number         4  gd32e23x_rcu.o(.text)
    __arm_cp.9_0                             0x0800234c   Number         4  gd32e23x_rcu.o(.text)
    __arm_cp.10_0                            0x0800235c   Number         4  gd32e23x_rcu.o(.text)
    __arm_cp.11_0                            0x08002370   Number         4  gd32e23x_rcu.o(.text)
    __arm_cp.12_0                            0x08002384   Number         4  gd32e23x_rcu.o(.text)
    __arm_cp.13_0                            0x08002398   Number         4  gd32e23x_rcu.o(.text)
    __arm_cp.14_0                            0x08002464   Number         4  gd32e23x_rcu.o(.text)
    __arm_cp.14_1                            0x08002468   Number         4  gd32e23x_rcu.o(.text)
    __arm_cp.15_0                            0x08002480   Number         4  gd32e23x_rcu.o(.text)
    __arm_cp.16_0                            0x0800249c   Number         4  gd32e23x_rcu.o(.text)
    __arm_cp.16_1                            0x080024a0   Number         4  gd32e23x_rcu.o(.text)
    __arm_cp.17_0                            0x080024b8   Number         4  gd32e23x_rcu.o(.text)
    __arm_cp.18_0                            0x080024d0   Number         4  gd32e23x_rcu.o(.text)
    __arm_cp.19_0                            0x080024e4   Number         4  gd32e23x_rcu.o(.text)
    __arm_cp.20_0                            0x080024fc   Number         4  gd32e23x_rcu.o(.text)
    __arm_cp.21_0                            0x08002514   Number         4  gd32e23x_rcu.o(.text)
    __arm_cp.22_0                            0x08002528   Number         4  gd32e23x_rcu.o(.text)
    __arm_cp.23_0                            0x08002540   Number         4  gd32e23x_rcu.o(.text)
    __arm_cp.24_0                            0x08002558   Number         4  gd32e23x_rcu.o(.text)
    __arm_cp.25_0                            0x08002570   Number         4  gd32e23x_rcu.o(.text)
    __arm_cp.26_0                            0x08002588   Number         4  gd32e23x_rcu.o(.text)
    __arm_cp.27_0                            0x08002664   Number         4  gd32e23x_rcu.o(.text)
    __arm_cp.27_1                            0x08002668   Number         4  gd32e23x_rcu.o(.text)
    __arm_cp.27_2                            0x0800266c   Number         4  gd32e23x_rcu.o(.text)
    __arm_cp.27_3                            0x08002670   Number         4  gd32e23x_rcu.o(.text)
    __arm_cp.27_4                            0x08002674   Number         4  gd32e23x_rcu.o(.text)
    __arm_cp.28_0                            0x0800268c   Number         4  gd32e23x_rcu.o(.text)
    __arm_cp.29_0                            0x080026a4   Number         4  gd32e23x_rcu.o(.text)
    __arm_cp.30_0                            0x080026e0   Number         4  gd32e23x_rcu.o(.text)
    __arm_cp.31_0                            0x0800271c   Number         4  gd32e23x_rcu.o(.text)
    __arm_cp.32_0                            0x08002730   Number         4  gd32e23x_rcu.o(.text)
    __arm_cp.33_0                            0x08002744   Number         4  gd32e23x_rcu.o(.text)
    __arm_cp.34_0                            0x08002758   Number         4  gd32e23x_rcu.o(.text)
    __arm_cp.35_0                            0x0800276c   Number         4  gd32e23x_rcu.o(.text)
    __arm_cp.36_0                            0x08002784   Number         4  gd32e23x_rcu.o(.text)
    __arm_cp.36_1                            0x08002788   Number         4  gd32e23x_rcu.o(.text)
    __arm_cp.37_0                            0x080027a0   Number         4  gd32e23x_rcu.o(.text)
    __arm_cp.38_0                            0x080028a8   Number         4  gd32e23x_rcu.o(.text)
    __arm_cp.38_1                            0x080028ac   Number         4  gd32e23x_rcu.o(.text)
    __arm_cp.38_2                            0x080028b0   Number         4  gd32e23x_rcu.o(.text)
    __arm_cp.38_4                            0x080028c4   Number         4  gd32e23x_rcu.o(.text)
    __arm_cp.38_5                            0x080028c8   Number         4  gd32e23x_rcu.o(.text)
    __arm_cp.38_6                            0x080028cc   Number         4  gd32e23x_rcu.o(.text)
    [Anonymous Symbol]                       0x080028d0   Section        0  gd32e23x_timer.o(.text)
    __arm_cp.0_0                             0x08002934   Number         4  gd32e23x_timer.o(.text)
    __arm_cp.0_1                             0x08002938   Number         4  gd32e23x_timer.o(.text)
    __arm_cp.0_2                             0x0800293c   Number         4  gd32e23x_timer.o(.text)
    __arm_cp.0_3                             0x08002940   Number         4  gd32e23x_timer.o(.text)
    __arm_cp.0_4                             0x08002944   Number         4  gd32e23x_timer.o(.text)
    __arm_cp.0_5                             0x08002948   Number         4  gd32e23x_timer.o(.text)
    __arm_cp.0_6                             0x0800294c   Number         4  gd32e23x_timer.o(.text)
    __arm_cp.0_7                             0x08002950   Number         4  gd32e23x_timer.o(.text)
    __arm_cp.0_8                             0x08002954   Number         4  gd32e23x_timer.o(.text)
    __arm_cp.0_9                             0x08002958   Number         4  gd32e23x_timer.o(.text)
    __arm_cp.1_0                             0x0800296c   Number         4  gd32e23x_timer.o(.text)
    __arm_cp.2_0                             0x08002a00   Number         4  gd32e23x_timer.o(.text)
    __arm_cp.2_1                             0x08002a04   Number         4  gd32e23x_timer.o(.text)
    __arm_cp.2_2                             0x08002a08   Number         4  gd32e23x_timer.o(.text)
    __arm_cp.2_3                             0x08002a0c   Number         4  gd32e23x_timer.o(.text)
    __arm_cp.2_4                             0x08002a10   Number         4  gd32e23x_timer.o(.text)
    __arm_cp.2_5                             0x08002a14   Number         4  gd32e23x_timer.o(.text)
    __arm_cp.2_6                             0x08002a18   Number         4  gd32e23x_timer.o(.text)
    __arm_cp.2_7                             0x08002a1c   Number         4  gd32e23x_timer.o(.text)
    __arm_cp.30_0                            0x08002b70   Number         4  gd32e23x_timer.o(.text)
    __arm_cp.42_0                            0x08002e40   Number         4  gd32e23x_timer.o(.text)
    __arm_cp.42_1                            0x08002e44   Number         4  gd32e23x_timer.o(.text)
    __arm_cp.42_2                            0x08002e48   Number         4  gd32e23x_timer.o(.text)
    __arm_cp.42_3                            0x08002e4c   Number         4  gd32e23x_timer.o(.text)
    __arm_cp.42_4                            0x08002e50   Number         4  gd32e23x_timer.o(.text)
    __arm_cp.53_0                            0x080032bc   Number         4  gd32e23x_timer.o(.text)
    __arm_cp.56_0                            0x08003484   Number         4  gd32e23x_timer.o(.text)
    __arm_cp.56_1                            0x08003488   Number         4  gd32e23x_timer.o(.text)
    __arm_cp.56_2                            0x0800348c   Number         4  gd32e23x_timer.o(.text)
    __arm_cp.63_0                            0x08003554   Number         4  gd32e23x_timer.o(.text)
    [Anonymous Symbol]                       0x080036b4   Section        0  gd32e23x_usart.o(.text)
    __arm_cp.0_0                             0x080036dc   Number         4  gd32e23x_usart.o(.text)
    __arm_cp.0_1                             0x080036e0   Number         4  gd32e23x_usart.o(.text)
    __arm_cp.0_2                             0x080036e4   Number         4  gd32e23x_usart.o(.text)
    __arm_cp.0_3                             0x080036e8   Number         4  gd32e23x_usart.o(.text)
    __arm_cp.1_0                             0x08003738   Number         4  gd32e23x_usart.o(.text)
    __arm_cp.1_1                             0x0800373c   Number         4  gd32e23x_usart.o(.text)
    __arm_cp.1_2                             0x08003740   Number         4  gd32e23x_usart.o(.text)
    __arm_cp.18_0                            0x080038e0   Number         4  gd32e23x_usart.o(.text)
    __arm_cp.19_0                            0x080038ec   Number         4  gd32e23x_usart.o(.text)
    __arm_cp.73_0                            0x08003d48   Number         4  gd32e23x_usart.o(.text)
    .text                                    0x08003d4c   Section       56  startup_gd32e23x.o(.text)
    [Anonymous Symbol]                       0x08003d84   Section        0  system_gd32e23x.o(.text)
    __arm_cp.0_0                             0x08003e54   Number         4  system_gd32e23x.o(.text)
    __arm_cp.0_1                             0x08003e58   Number         4  system_gd32e23x.o(.text)
    __arm_cp.0_2                             0x08003e5c   Number         4  system_gd32e23x.o(.text)
    __arm_cp.0_3                             0x08003e60   Number         4  system_gd32e23x.o(.text)
    __arm_cp.0_4                             0x08003e64   Number         4  system_gd32e23x.o(.text)
    __arm_cp.0_5                             0x08003e68   Number         4  system_gd32e23x.o(.text)
    __arm_cp.0_6                             0x08003e6c   Number         4  system_gd32e23x.o(.text)
    __arm_cp.0_7                             0x08003e70   Number         4  system_gd32e23x.o(.text)
    __arm_cp.1_0                             0x08003ed4   Number         4  system_gd32e23x.o(.text)
    __arm_cp.1_1                             0x08003ed8   Number         4  system_gd32e23x.o(.text)
    __arm_cp.1_2                             0x08003edc   Number         4  system_gd32e23x.o(.text)
    __arm_cp.1_3                             0x08003ee0   Number         4  system_gd32e23x.o(.text)
    .text                                    0x08003ef4   Section        0  heapauxi.o(.text)
    .text                                    0x08003efc   Section        0  d2f.o(.text)
    _dadd1                                   0x08003f79   Thumb Code   290  daddsub.o(.text)
    .text                                    0x08003f78   Section        0  daddsub.o(.text)
    _dsub1                                   0x0800409b   Thumb Code   470  daddsub.o(.text)
    .text                                    0x080042d0   Section        0  ddiv.o(.text)
    .text                                    0x08004718   Section        0  dflti.o(.text)
    .text                                    0x08004770   Section        0  dmul.o(.text)
    .text                                    0x080049b8   Section        0  f2d.o(.text)
    .text                                    0x08004a0c   Section        0  fdiv.o(.text)
    .text                                    0x08004b6c   Section        0  ffixi.o(.text)
    .text                                    0x08004bb8   Section        0  fflti.o(.text)
    .text                                    0x08004c18   Section        0  fcmpin.o(.text)
    .text                                    0x08004c7c   Section       62  sys_stackheap_outer.o(.text)
    .text                                    0x08004cba   Section        0  exit.o(.text)
    .text                                    0x08004cca   Section        0  cmpret.o(.text)
    .text                                    0x08004cf8   Section        0  fnan2.o(.text)
    .text                                    0x08004d08   Section        8  libspace.o(.text)
    .text                                    0x08004d10   Section        0  retnan.o(.text)
    .text                                    0x08004d70   Section        0  sys_exit.o(.text)
    .text                                    0x08004d7c   Section        2  use_no_semi.o(.text)
    .text                                    0x08004d7e   Section        0  indicate_semi.o(.text)
    i._fgeq                                  0x08004d7e   Section        0  fcmp.o(i._fgeq)
    i._fgr                                   0x08004d94   Section        0  fcmp.o(i._fgr)
    i._fleq                                  0x08004daa   Section        0  fcmp.o(i._fleq)
    i._fls                                   0x08004dc4   Section        0  fcmp.o(i._fls)
    x$fpl$fadd                               0x08004ddc   Section      140  faddsub.o(x$fpl$fadd)
    _fadd1                                   0x08004de9   Thumb Code     0  faddsub.o(x$fpl$fadd)
    x$fpl$fgeqf                              0x08004e68   Section       84  fgef.o(x$fpl$fgeqf)
    x$fpl$fleqf                              0x08004ebc   Section       84  flef.o(x$fpl$fleqf)
    x$fpl$fmul                               0x08004f10   Section      176  fmul.o(x$fpl$fmul)
    x$fpl$fsub                               0x08004fc0   Section      208  faddsub.o(x$fpl$fsub)
    _fsub1                                   0x08004fcd   Thumb Code     0  faddsub.o(x$fpl$fsub)
    ddiv_reciptbl                            0x08005090   Data         128  ddiv.o(.constdata)
    .constdata                               0x08005090   Section      128  ddiv.o(.constdata)
    x$fpl$usenofp                            0x08005090   Section        0  usenofp.o(x$fpl$usenofp)
    fdiv_tab                                 0x08005110   Data          64  fdiv.o(.constdata)
    .constdata                               0x08005110   Section       64  fdiv.o(.constdata)
    [Anonymous Symbol]                       0x08005150   Section        0  bldc.o(.rodata..L__const.up_or_down.up_down)
    [Anonymous Symbol]                       0x0800515c   Section        0  gd32e23x_gpio.o(.rodata..Lswitch.table.gpio_deinit.1)
    [Anonymous Symbol]                       0x08005168   Section        0  gd32e23x_rcu.o(.rodata.cst8)
    iReceivePos                              0x2000000a   Data           2  commsmasterslave.o(.data.iReceivePos)
    [Anonymous Symbol]                       0x2000000a   Section        0  commsmasterslave.o(.data.iReceivePos)
    .bss                                     0x20000010   Section       96  libspace.o(.bss)
    aReceiveBuffer                           0x20000070   Data           7  commssteering.o(.bss.aReceiveBuffer)
    [Anonymous Symbol]                       0x20000070   Section        0  commssteering.o(.bss.aReceiveBuffer)
    aReceiveBuffer                           0x20000077   Data          16  commsmasterslave.o(.bss.aReceiveBuffer)
    [Anonymous Symbol]                       0x20000077   Section        0  commsmasterslave.o(.bss.aReceiveBuffer)
    iReceivePos                              0x200000e4   Data           2  commssteering.o(.bss.iReceivePos)
    [Anonymous Symbol]                       0x200000e4   Section        0  commssteering.o(.bss.iReceivePos)
    Heap_Mem                                 0x20000168   Data        1024  startup_gd32e23x.o(HEAP)
    HEAP                                     0x20000168   Section     1024  startup_gd32e23x.o(HEAP)
    Stack_Mem                                0x20000568   Data        1024  startup_gd32e23x.o(STACK)
    STACK                                    0x20000568   Section     1024  startup_gd32e23x.o(STACK)
    __initial_sp                             0x20000968   Data           0  startup_gd32e23x.o(STACK)

    Global Symbols

    Symbol Name                              Value     Ov Type        Size  Object(Section)

    BuildAttributes$$THM_ISAv3M$S$8M$PE$A:L22$X:L11$S22$IEEE1$IW$~IW$USESV6$~STKCKD$USESV7$~SHL$OTIME$ROPI$EBA8$UX$STANDARDLIB$REQ8$PRES8$EABIv2 0x00000000   Number         0  anon$$obj.o ABSOLUTE
    __ARM_exceptions_init                     - Undefined Weak Reference
    __alloca_initialize                       - Undefined Weak Reference
    __arm_preinit_                            - Undefined Weak Reference
    __arm_relocate_pie_                       - Undefined Weak Reference
    __cpp_initialize__aeabi_                  - Undefined Weak Reference
    __cxa_finalize                            - Undefined Weak Reference
    __rt_locale                               - Undefined Weak Reference
    __sigvec_lookup                           - Undefined Weak Reference
    _atexit_init                              - Undefined Weak Reference
    _call_atexit_fns                          - Undefined Weak Reference
    _clock_init                               - Undefined Weak Reference
    _fp_trap_init                             - Undefined Weak Reference
    _fp_trap_shutdown                         - Undefined Weak Reference
    _get_lc_collate                           - Undefined Weak Reference
    _get_lc_ctype                             - Undefined Weak Reference
    _get_lc_monetary                          - Undefined Weak Reference
    _get_lc_numeric                           - Undefined Weak Reference
    _get_lc_time                              - Undefined Weak Reference
    _getenv_init                              - Undefined Weak Reference
    _handle_redirection                       - Undefined Weak Reference
    _init_alloc                               - Undefined Weak Reference
    _init_user_alloc                          - Undefined Weak Reference
    _initio                                   - Undefined Weak Reference
    _rand_init                                - Undefined Weak Reference
    _signal_finish                            - Undefined Weak Reference
    _signal_init                              - Undefined Weak Reference
    _terminate_alloc                          - Undefined Weak Reference
    _terminate_user_alloc                     - Undefined Weak Reference
    _terminateio                              - Undefined Weak Reference
    __Vectors_Size                           0x000000cc   Number         0  startup_gd32e23x.o ABSOLUTE
    __Vectors                                0x08000000   Data           4  startup_gd32e23x.o(RESET)
    __Vectors_End                            0x080000cc   Data           0  startup_gd32e23x.o(RESET)
    __main                                   0x080000cd   Thumb Code     8  __main.o(!!!main)
    __scatterload                            0x080000d5   Thumb Code     0  __scatter.o(!!!scatter)
    __scatterload_rt2                        0x080000d5   Thumb Code    52  __scatter.o(!!!scatter)
    __scatterload_rt2_thumb_only             0x080000d5   Thumb Code     0  __scatter.o(!!!scatter)
    __scatterload_null                       0x080000e5   Thumb Code     0  __scatter.o(!!!scatter)
    __scatterload_copy                       0x08000111   Thumb Code    26  __scatter_copy.o(!!handler_copy)
    __scatterload_zeroinit                   0x0800012d   Thumb Code    28  __scatter_zi.o(!!handler_zi)
    __rt_lib_init                            0x08000149   Thumb Code     0  libinit.o(.ARM.Collect$$libinit$$00000000)
    __rt_lib_init_alloca_1                   0x0800014b   Thumb Code     0  libinit2.o(.ARM.Collect$$libinit$$00000030)
    __rt_lib_init_argv_1                     0x0800014b   Thumb Code     0  libinit2.o(.ARM.Collect$$libinit$$0000002E)
    __rt_lib_init_atexit_1                   0x0800014b   Thumb Code     0  libinit2.o(.ARM.Collect$$libinit$$0000001D)
    __rt_lib_init_clock_1                    0x0800014b   Thumb Code     0  libinit2.o(.ARM.Collect$$libinit$$00000023)
    __rt_lib_init_cpp_1                      0x0800014b   Thumb Code     0  libinit2.o(.ARM.Collect$$libinit$$00000034)
    __rt_lib_init_exceptions_1               0x0800014b   Thumb Code     0  libinit2.o(.ARM.Collect$$libinit$$00000032)
    __rt_lib_init_fp_1                       0x0800014b   Thumb Code     0  libinit2.o(.ARM.Collect$$libinit$$00000002)
    __rt_lib_init_fp_trap_1                  0x0800014b   Thumb Code     0  libinit2.o(.ARM.Collect$$libinit$$00000021)
    __rt_lib_init_getenv_1                   0x0800014b   Thumb Code     0  libinit2.o(.ARM.Collect$$libinit$$00000025)
    __rt_lib_init_heap_1                     0x0800014b   Thumb Code     0  libinit2.o(.ARM.Collect$$libinit$$0000000C)
    __rt_lib_init_lc_collate_1               0x0800014b   Thumb Code     0  libinit2.o(.ARM.Collect$$libinit$$00000013)
    __rt_lib_init_lc_ctype_1                 0x0800014b   Thumb Code     0  libinit2.o(.ARM.Collect$$libinit$$00000015)
    __rt_lib_init_lc_monetary_1              0x0800014b   Thumb Code     0  libinit2.o(.ARM.Collect$$libinit$$00000017)
    __rt_lib_init_lc_numeric_1               0x0800014b   Thumb Code     0  libinit2.o(.ARM.Collect$$libinit$$00000019)
    __rt_lib_init_lc_time_1                  0x0800014b   Thumb Code     0  libinit2.o(.ARM.Collect$$libinit$$0000001B)
    __rt_lib_init_preinit_1                  0x0800014b   Thumb Code     0  libinit2.o(.ARM.Collect$$libinit$$00000006)
    __rt_lib_init_rand_1                     0x0800014b   Thumb Code     0  libinit2.o(.ARM.Collect$$libinit$$00000010)
    __rt_lib_init_relocate_pie_1             0x0800014b   Thumb Code     0  libinit2.o(.ARM.Collect$$libinit$$00000004)
    __rt_lib_init_return                     0x0800014b   Thumb Code     0  libinit2.o(.ARM.Collect$$libinit$$00000035)
    __rt_lib_init_signal_1                   0x0800014b   Thumb Code     0  libinit2.o(.ARM.Collect$$libinit$$0000001F)
    __rt_lib_init_stdio_1                    0x0800014b   Thumb Code     0  libinit2.o(.ARM.Collect$$libinit$$00000027)
    __rt_lib_init_user_alloc_1               0x0800014b   Thumb Code     0  libinit2.o(.ARM.Collect$$libinit$$0000000E)
    __rt_lib_shutdown                        0x0800014d   Thumb Code     0  libshutdown.o(.ARM.Collect$$libshutdown$$00000000)
    __rt_lib_shutdown_cpp_1                  0x0800014f   Thumb Code     0  libshutdown2.o(.ARM.Collect$$libshutdown$$00000002)
    __rt_lib_shutdown_fp_trap_1              0x0800014f   Thumb Code     0  libshutdown2.o(.ARM.Collect$$libshutdown$$00000007)
    __rt_lib_shutdown_heap_1                 0x0800014f   Thumb Code     0  libshutdown2.o(.ARM.Collect$$libshutdown$$0000000F)
    __rt_lib_shutdown_return                 0x0800014f   Thumb Code     0  libshutdown2.o(.ARM.Collect$$libshutdown$$00000010)
    __rt_lib_shutdown_signal_1               0x0800014f   Thumb Code     0  libshutdown2.o(.ARM.Collect$$libshutdown$$0000000A)
    __rt_lib_shutdown_stdio_1                0x0800014f   Thumb Code     0  libshutdown2.o(.ARM.Collect$$libshutdown$$00000004)
    __rt_lib_shutdown_user_alloc_1           0x0800014f   Thumb Code     0  libshutdown2.o(.ARM.Collect$$libshutdown$$0000000C)
    __rt_entry                               0x08000151   Thumb Code     0  __rtentry.o(.ARM.Collect$$rtentry$$00000000)
    __rt_entry_presh_1                       0x08000151   Thumb Code     0  __rtentry2.o(.ARM.Collect$$rtentry$$00000002)
    __rt_entry_sh                            0x08000151   Thumb Code     0  __rtentry4.o(.ARM.Collect$$rtentry$$00000004)
    __rt_entry_li                            0x08000157   Thumb Code     0  __rtentry2.o(.ARM.Collect$$rtentry$$0000000A)
    __rt_entry_postsh_1                      0x08000157   Thumb Code     0  __rtentry2.o(.ARM.Collect$$rtentry$$00000009)
    __rt_entry_main                          0x0800015b   Thumb Code     0  __rtentry2.o(.ARM.Collect$$rtentry$$0000000D)
    __rt_entry_postli_1                      0x0800015b   Thumb Code     0  __rtentry2.o(.ARM.Collect$$rtentry$$0000000C)
    __rt_exit                                0x08000163   Thumb Code     0  rtexit.o(.ARM.Collect$$rtexit$$00000000)
    __rt_exit_ls                             0x08000165   Thumb Code     0  rtexit2.o(.ARM.Collect$$rtexit$$00000003)
    __rt_exit_prels_1                        0x08000165   Thumb Code     0  rtexit2.o(.ARM.Collect$$rtexit$$00000002)
    __rt_exit_exit                           0x08000169   Thumb Code     0  rtexit2.o(.ARM.Collect$$rtexit$$00000004)
    main                                     0x08000171   Thumb Code  1088  main.o(.text)
    ShowBatteryState                         0x08000619   Thumb Code    76  main.o(.text)
    BeepsBackwards                           0x08000669   Thumb Code     2  main.o(.text)
    ShutOff                                  0x0800066d   Thumb Code    56  main.o(.text)
    modulo                                   0x080006a9   Thumb Code    22  bldc.o(.text)
    up_or_down                               0x080006c1   Thumb Code    32  bldc.o(.text)
    blockPWM                                 0x080006e5   Thumb Code   112  bldc.o(.text)
    SetEnable                                0x08000755   Thumb Code     8  bldc.o(.text)
    SetPWM                                   0x08000761   Thumb Code    28  bldc.o(.text)
    CalculateBLDC                            0x08000785   Thumb Code   624  bldc.o(.text)
    Interrupt_init                           0x08000a91   Thumb Code     2  setup.o(.text)
    Watchdog_init                            0x08000a95   Thumb Code    52  setup.o(.text)
    TimeoutTimer_init                        0x08000ad1   Thumb Code    84  setup.o(.text)
    GPIO_init                                0x08000b31   Thumb Code   696  setup.o(.text)
    PWM_init                                 0x08000df9   Thumb Code   360  setup.o(.text)
    ADC_init                                 0x08000f79   Thumb Code   212  setup.o(.text)
    USART_MasterSlave_init                   0x0800105d   Thumb Code   196  setup.o(.text)
    USART_Steer_COM_init                     0x08001131   Thumb Code     2  setup.o(.text)
    SysTick_Handler                          0x08001135   Thumb Code    12  it.o(.text)
    ResetTimeout                             0x08001145   Thumb Code     8  it.o(.text)
    TIMER13_IRQHandler                       0x08001151   Thumb Code    56  it.o(.text)
    TIMER0_BRK_UP_TRG_COM_IRQHandler         0x080011a5   Thumb Code    24  it.o(.text)
    DMA_Channel0_IRQHandler                  0x080011c1   Thumb Code    32  it.o(.text)
    DMA_Channel3_4_IRQHandler                0x080011e1   Thumb Code    32  it.o(.text)
    millis                                   0x08001201   Thumb Code     8  it.o(.text)
    Delay                                    0x0800120d   Thumb Code    20  it.o(.text)
    NMI_Handler                              0x08001225   Thumb Code     2  it.o(.text)
    HardFault_Handler                        0x08001227   Thumb Code     2  it.o(.text)
    MemManage_Handler                        0x08001229   Thumb Code     2  it.o(.text)
    BusFault_Handler                         0x0800122b   Thumb Code     2  it.o(.text)
    UsageFault_Handler                       0x0800122d   Thumb Code     2  it.o(.text)
    SVC_Handler                              0x0800122f   Thumb Code     2  it.o(.text)
    DebugMon_Handler                         0x08001231   Thumb Code     2  it.o(.text)
    PendSV_Handler                           0x08001233   Thumb Code     2  it.o(.text)
    SendBuffer                               0x08001235   Thumb Code    48  comms.o(.text)
    CalcCRC                                  0x08001269   Thumb Code    60  comms.o(.text)
    SendSteerDevice                          0x080012a9   Thumb Code   112  commssteering.o(.text)
    UpdateUSARTSteerInput                    0x08001335   Thumb Code    76  commssteering.o(.text)
    UpdateUSARTSteerInputNew                 0x08001391   Thumb Code    84  commssteering.o(.text)
    GetCurrentDCMaster                       0x080013f9   Thumb Code     8  commsmasterslave.o(.text)
    GetBatteryMaster                         0x08001405   Thumb Code     8  commsmasterslave.o(.text)
    GetRealSpeedMaster                       0x08001411   Thumb Code     8  commsmasterslave.o(.text)
    SetBeepsBackwardsMaster                  0x0800141d   Thumb Code     8  commsmasterslave.o(.text)
    GetBeepsBackwardsMaster                  0x08001429   Thumb Code     8  commsmasterslave.o(.text)
    UpdateUSARTMasterSlaveInput              0x08001435   Thumb Code   196  commsmasterslave.o(.text)
    ProessReceived                           0x08001515   Thumb Code   132  commsmasterslave.o(.text)
    SendSlave                                0x080015a5   Thumb Code    84  commsmasterslave.o(.text)
    adc_deinit                               0x08001601   Thumb Code    24  gd32e23x_adc.o(.text)
    adc_enable                               0x0800161d   Thumb Code    20  gd32e23x_adc.o(.text)
    adc_disable                              0x08001635   Thumb Code    12  gd32e23x_adc.o(.text)
    adc_calibration_enable                   0x08001645   Thumb Code    32  gd32e23x_adc.o(.text)
    adc_dma_mode_enable                      0x08001669   Thumb Code    16  gd32e23x_adc.o(.text)
    adc_dma_mode_disable                     0x0800167d   Thumb Code    16  gd32e23x_adc.o(.text)
    adc_tempsensor_vrefint_enable            0x08001691   Thumb Code    16  gd32e23x_adc.o(.text)
    adc_tempsensor_vrefint_disable           0x080016a5   Thumb Code    16  gd32e23x_adc.o(.text)
    adc_discontinuous_mode_config            0x080016b9   Thumb Code    64  gd32e23x_adc.o(.text)
    adc_special_function_config              0x080016fd   Thumb Code   112  gd32e23x_adc.o(.text)
    adc_data_alignment_config                0x08001771   Thumb Code    24  gd32e23x_adc.o(.text)
    adc_channel_length_config                0x0800178d   Thumb Code    60  gd32e23x_adc.o(.text)
    adc_regular_channel_config               0x080017cd   Thumb Code   136  gd32e23x_adc.o(.text)
    adc_inserted_channel_config              0x08001859   Thumb Code    92  gd32e23x_adc.o(.text)
    adc_inserted_channel_offset_config       0x080018b9   Thumb Code    28  gd32e23x_adc.o(.text)
    adc_external_trigger_config              0x080018dd   Thumb Code    64  gd32e23x_adc.o(.text)
    adc_external_trigger_source_config       0x08001921   Thumb Code    32  gd32e23x_adc.o(.text)
    adc_software_trigger_enable              0x0800194d   Thumb Code    40  gd32e23x_adc.o(.text)
    adc_regular_data_read                    0x08001979   Thumb Code     8  gd32e23x_adc.o(.text)
    adc_inserted_data_read                   0x08001985   Thumb Code    68  gd32e23x_adc.o(.text)
    adc_flag_get                             0x080019cd   Thumb Code    12  gd32e23x_adc.o(.text)
    adc_flag_clear                           0x080019dd   Thumb Code    12  gd32e23x_adc.o(.text)
    adc_interrupt_flag_get                   0x080019ed   Thumb Code    48  gd32e23x_adc.o(.text)
    adc_interrupt_flag_clear                 0x08001a21   Thumb Code    12  gd32e23x_adc.o(.text)
    adc_interrupt_enable                     0x08001a31   Thumb Code    52  gd32e23x_adc.o(.text)
    adc_interrupt_disable                    0x08001a69   Thumb Code    52  gd32e23x_adc.o(.text)
    adc_watchdog_single_channel_enable       0x08001aa1   Thumb Code    28  gd32e23x_adc.o(.text)
    adc_watchdog_group_channel_enable        0x08001ac9   Thumb Code    36  gd32e23x_adc.o(.text)
    adc_watchdog_disable                     0x08001b01   Thumb Code    12  gd32e23x_adc.o(.text)
    adc_watchdog_threshold_config            0x08001b15   Thumb Code    16  gd32e23x_adc.o(.text)
    adc_resolution_config                    0x08001b2d   Thumb Code    20  gd32e23x_adc.o(.text)
    adc_oversample_mode_config               0x08001b45   Thumb Code    40  gd32e23x_adc.o(.text)
    adc_oversample_mode_enable               0x08001b75   Thumb Code    12  gd32e23x_adc.o(.text)
    adc_oversample_mode_disable              0x08001b85   Thumb Code    12  gd32e23x_adc.o(.text)
    dma_deinit                               0x08001b95   Thumb Code    44  gd32e23x_dma.o(.text)
    dma_struct_para_init                     0x08001bc5   Thumb Code    20  gd32e23x_dma.o(.text)
    dma_init                                 0x08001bd9   Thumb Code   112  gd32e23x_dma.o(.text)
    dma_channel_disable                      0x08001c4d   Thumb Code    16  gd32e23x_dma.o(.text)
    dma_circulation_enable                   0x08001c61   Thumb Code    16  gd32e23x_dma.o(.text)
    dma_circulation_disable                  0x08001c75   Thumb Code    16  gd32e23x_dma.o(.text)
    dma_memory_to_memory_enable              0x08001c89   Thumb Code    20  gd32e23x_dma.o(.text)
    dma_memory_to_memory_disable             0x08001ca1   Thumb Code    20  gd32e23x_dma.o(.text)
    dma_channel_enable                       0x08001cb9   Thumb Code    16  gd32e23x_dma.o(.text)
    dma_periph_address_config                0x08001ccd   Thumb Code    12  gd32e23x_dma.o(.text)
    dma_memory_address_config                0x08001cdd   Thumb Code    12  gd32e23x_dma.o(.text)
    dma_transfer_number_config               0x08001ced   Thumb Code    12  gd32e23x_dma.o(.text)
    dma_transfer_number_get                  0x08001cfd   Thumb Code    12  gd32e23x_dma.o(.text)
    dma_priority_config                      0x08001d0d   Thumb Code    24  gd32e23x_dma.o(.text)
    dma_memory_width_config                  0x08001d29   Thumb Code    24  gd32e23x_dma.o(.text)
    dma_periph_width_config                  0x08001d45   Thumb Code    24  gd32e23x_dma.o(.text)
    dma_memory_increase_enable               0x08001d61   Thumb Code    16  gd32e23x_dma.o(.text)
    dma_memory_increase_disable              0x08001d75   Thumb Code    16  gd32e23x_dma.o(.text)
    dma_periph_increase_enable               0x08001d89   Thumb Code    16  gd32e23x_dma.o(.text)
    dma_periph_increase_disable              0x08001d9d   Thumb Code    16  gd32e23x_dma.o(.text)
    dma_transfer_direction_config            0x08001db1   Thumb Code    28  gd32e23x_dma.o(.text)
    dma_flag_get                             0x08001dd1   Thumb Code    16  gd32e23x_dma.o(.text)
    dma_flag_clear                           0x08001de5   Thumb Code    16  gd32e23x_dma.o(.text)
    dma_interrupt_flag_get                   0x08001df9   Thumb Code    56  gd32e23x_dma.o(.text)
    dma_interrupt_flag_clear                 0x08001e35   Thumb Code    16  gd32e23x_dma.o(.text)
    dma_interrupt_enable                     0x08001e49   Thumb Code    16  gd32e23x_dma.o(.text)
    dma_interrupt_disable                    0x08001e5d   Thumb Code    16  gd32e23x_dma.o(.text)
    fwdgt_write_enable                       0x08001e71   Thumb Code     8  gd32e23x_fwdgt.o(.text)
    fwdgt_write_disable                      0x08001e81   Thumb Code     8  gd32e23x_fwdgt.o(.text)
    fwdgt_enable                             0x08001e8d   Thumb Code     8  gd32e23x_fwdgt.o(.text)
    fwdgt_prescaler_value_config             0x08001e9d   Thumb Code    36  gd32e23x_fwdgt.o(.text)
    fwdgt_reload_value_config                0x08001ecd   Thumb Code    40  gd32e23x_fwdgt.o(.text)
    fwdgt_window_value_config                0x08001f05   Thumb Code    40  gd32e23x_fwdgt.o(.text)
    fwdgt_counter_reload                     0x08001f3d   Thumb Code     8  gd32e23x_fwdgt.o(.text)
    fwdgt_config                             0x08001f4d   Thumb Code    64  gd32e23x_fwdgt.o(.text)
    fwdgt_flag_get                           0x08001fa1   Thumb Code    12  gd32e23x_fwdgt.o(.text)
    gpio_deinit                              0x08001fb1   Thumb Code    52  gd32e23x_gpio.o(.text)
    gpio_mode_set                            0x08001fe9   Thumb Code    66  gd32e23x_gpio.o(.text)
    gpio_output_options_set                  0x0800202b   Thumb Code    70  gd32e23x_gpio.o(.text)
    gpio_bit_set                             0x08002071   Thumb Code     4  gd32e23x_gpio.o(.text)
    gpio_bit_reset                           0x08002075   Thumb Code     4  gd32e23x_gpio.o(.text)
    gpio_bit_write                           0x08002079   Thumb Code    14  gd32e23x_gpio.o(.text)
    gpio_port_write                          0x08002087   Thumb Code     4  gd32e23x_gpio.o(.text)
    gpio_input_bit_get                       0x0800208b   Thumb Code    10  gd32e23x_gpio.o(.text)
    gpio_input_port_get                      0x08002095   Thumb Code     6  gd32e23x_gpio.o(.text)
    gpio_output_bit_get                      0x0800209b   Thumb Code    10  gd32e23x_gpio.o(.text)
    gpio_output_port_get                     0x080020a5   Thumb Code     6  gd32e23x_gpio.o(.text)
    gpio_af_set                              0x080020ab   Thumb Code    94  gd32e23x_gpio.o(.text)
    gpio_pin_lock                            0x08002109   Thumb Code    18  gd32e23x_gpio.o(.text)
    gpio_bit_toggle                          0x0800211b   Thumb Code     4  gd32e23x_gpio.o(.text)
    gpio_port_toggle                         0x08002121   Thumb Code     8  gd32e23x_gpio.o(.text)
    nvic_irq_enable                          0x0800212d   Thumb Code    72  gd32e23x_misc.o(.text)
    nvic_irq_disable                         0x08002181   Thumb Code    32  gd32e23x_misc.o(.text)
    nvic_system_reset                        0x080021a5   Thumb Code    20  gd32e23x_misc.o(.text)
    nvic_vector_table_set                    0x080021c1   Thumb Code    12  gd32e23x_misc.o(.text)
    system_lowpower_set                      0x080021d5   Thumb Code    12  gd32e23x_misc.o(.text)
    system_lowpower_reset                    0x080021e5   Thumb Code    12  gd32e23x_misc.o(.text)
    systick_clksource_set                    0x080021f5   Thumb Code    24  gd32e23x_misc.o(.text)
    rcu_deinit                               0x08002211   Thumb Code   100  gd32e23x_rcu.o(.text)
    rcu_periph_clock_enable                  0x08002285   Thumb Code    20  gd32e23x_rcu.o(.text)
    rcu_periph_clock_disable                 0x0800229d   Thumb Code    20  gd32e23x_rcu.o(.text)
    rcu_periph_clock_sleep_enable            0x080022b5   Thumb Code    20  gd32e23x_rcu.o(.text)
    rcu_periph_clock_sleep_disable           0x080022cd   Thumb Code    20  gd32e23x_rcu.o(.text)
    rcu_periph_reset_enable                  0x080022e5   Thumb Code    20  gd32e23x_rcu.o(.text)
    rcu_periph_reset_disable                 0x080022fd   Thumb Code    20  gd32e23x_rcu.o(.text)
    rcu_bkp_reset_enable                     0x08002315   Thumb Code    16  gd32e23x_rcu.o(.text)
    rcu_bkp_reset_disable                    0x08002329   Thumb Code    16  gd32e23x_rcu.o(.text)
    rcu_system_clock_source_config           0x0800233d   Thumb Code    16  gd32e23x_rcu.o(.text)
    rcu_system_clock_source_get              0x08002351   Thumb Code    12  gd32e23x_rcu.o(.text)
    rcu_ahb_clock_config                     0x08002361   Thumb Code    16  gd32e23x_rcu.o(.text)
    rcu_apb1_clock_config                    0x08002375   Thumb Code    16  gd32e23x_rcu.o(.text)
    rcu_apb2_clock_config                    0x08002389   Thumb Code    16  gd32e23x_rcu.o(.text)
    rcu_adc_clock_config                     0x0800239d   Thumb Code   200  gd32e23x_rcu.o(.text)
    rcu_ckout_config                         0x0800246d   Thumb Code    20  gd32e23x_rcu.o(.text)
    rcu_pll_config                           0x08002485   Thumb Code    24  gd32e23x_rcu.o(.text)
    rcu_usart_clock_config                   0x080024a5   Thumb Code    20  gd32e23x_rcu.o(.text)
    rcu_rtc_clock_config                     0x080024bd   Thumb Code    20  gd32e23x_rcu.o(.text)
    rcu_hxtal_prediv_config                  0x080024d5   Thumb Code    16  gd32e23x_rcu.o(.text)
    rcu_lxtal_drive_capability_config        0x080024e9   Thumb Code    20  gd32e23x_rcu.o(.text)
    rcu_flag_get                             0x08002501   Thumb Code    20  gd32e23x_rcu.o(.text)
    rcu_all_reset_flag_clear                 0x08002519   Thumb Code    16  gd32e23x_rcu.o(.text)
    rcu_interrupt_flag_get                   0x0800252d   Thumb Code    20  gd32e23x_rcu.o(.text)
    rcu_interrupt_flag_clear                 0x08002545   Thumb Code    20  gd32e23x_rcu.o(.text)
    rcu_interrupt_enable                     0x0800255d   Thumb Code    20  gd32e23x_rcu.o(.text)
    rcu_interrupt_disable                    0x08002575   Thumb Code    20  gd32e23x_rcu.o(.text)
    rcu_osci_stab_wait                       0x0800258d   Thumb Code   216  gd32e23x_rcu.o(.text)
    rcu_osci_on                              0x08002679   Thumb Code    20  gd32e23x_rcu.o(.text)
    rcu_osci_off                             0x08002691   Thumb Code    20  gd32e23x_rcu.o(.text)
    rcu_osci_bypass_mode_enable              0x080026a9   Thumb Code    56  gd32e23x_rcu.o(.text)
    rcu_osci_bypass_mode_disable             0x080026e5   Thumb Code    56  gd32e23x_rcu.o(.text)
    rcu_hxtal_clock_monitor_enable           0x08002721   Thumb Code    16  gd32e23x_rcu.o(.text)
    rcu_hxtal_clock_monitor_disable          0x08002735   Thumb Code    16  gd32e23x_rcu.o(.text)
    rcu_irc8m_adjust_value_set               0x08002749   Thumb Code    16  gd32e23x_rcu.o(.text)
    rcu_irc28m_adjust_value_set              0x0800275d   Thumb Code    16  gd32e23x_rcu.o(.text)
    rcu_voltage_key_unlock                   0x08002771   Thumb Code    20  gd32e23x_rcu.o(.text)
    rcu_deepsleep_voltage_set                0x0800278d   Thumb Code    20  gd32e23x_rcu.o(.text)
    rcu_clock_freq_get                       0x080027a5   Thumb Code   260  gd32e23x_rcu.o(.text)
    timer_deinit                             0x080028d1   Thumb Code   100  gd32e23x_timer.o(.text)
    timer_struct_para_init                   0x0800295d   Thumb Code    16  gd32e23x_timer.o(.text)
    timer_init                               0x08002971   Thumb Code   144  gd32e23x_timer.o(.text)
    timer_enable                             0x08002a21   Thumb Code    10  gd32e23x_timer.o(.text)
    timer_disable                            0x08002a2b   Thumb Code    10  gd32e23x_timer.o(.text)
    timer_auto_reload_shadow_enable          0x08002a35   Thumb Code    10  gd32e23x_timer.o(.text)
    timer_auto_reload_shadow_disable         0x08002a3f   Thumb Code    10  gd32e23x_timer.o(.text)
    timer_update_event_enable                0x08002a49   Thumb Code    10  gd32e23x_timer.o(.text)
    timer_update_event_disable               0x08002a53   Thumb Code    10  gd32e23x_timer.o(.text)
    timer_counter_alignment                  0x08002a5d   Thumb Code    16  gd32e23x_timer.o(.text)
    timer_counter_up_direction               0x08002a6d   Thumb Code    10  gd32e23x_timer.o(.text)
    timer_counter_down_direction             0x08002a77   Thumb Code    10  gd32e23x_timer.o(.text)
    timer_prescaler_config                   0x08002a81   Thumb Code    16  gd32e23x_timer.o(.text)
    timer_repetition_value_config            0x08002a91   Thumb Code     4  gd32e23x_timer.o(.text)
    timer_autoreload_value_config            0x08002a95   Thumb Code     4  gd32e23x_timer.o(.text)
    timer_counter_value_config               0x08002a99   Thumb Code     4  gd32e23x_timer.o(.text)
    timer_counter_read                       0x08002a9d   Thumb Code     4  gd32e23x_timer.o(.text)
    timer_prescaler_read                     0x08002aa1   Thumb Code     6  gd32e23x_timer.o(.text)
    timer_single_pulse_mode_config           0x08002aa7   Thumb Code    26  gd32e23x_timer.o(.text)
    timer_update_source_config               0x08002ac1   Thumb Code    26  gd32e23x_timer.o(.text)
    timer_ocpre_clear_source_config          0x08002adb   Thumb Code    26  gd32e23x_timer.o(.text)
    timer_interrupt_enable                   0x08002af5   Thumb Code     8  gd32e23x_timer.o(.text)
    timer_interrupt_disable                  0x08002afd   Thumb Code     8  gd32e23x_timer.o(.text)
    timer_interrupt_flag_get                 0x08002b05   Thumb Code    20  gd32e23x_timer.o(.text)
    timer_interrupt_flag_clear               0x08002b19   Thumb Code     8  gd32e23x_timer.o(.text)
    timer_flag_get                           0x08002b21   Thumb Code    10  gd32e23x_timer.o(.text)
    timer_flag_clear                         0x08002b2b   Thumb Code     8  gd32e23x_timer.o(.text)
    timer_dma_enable                         0x08002b33   Thumb Code     8  gd32e23x_timer.o(.text)
    timer_dma_disable                        0x08002b3b   Thumb Code     8  gd32e23x_timer.o(.text)
    timer_channel_dma_request_source_select  0x08002b43   Thumb Code    26  gd32e23x_timer.o(.text)
    timer_dma_transfer_config                0x08002b5d   Thumb Code    20  gd32e23x_timer.o(.text)
    timer_event_software_generate            0x08002b75   Thumb Code     8  gd32e23x_timer.o(.text)
    timer_break_struct_para_init             0x08002b7d   Thumb Code    18  gd32e23x_timer.o(.text)
    timer_break_config                       0x08002b8f   Thumb Code    30  gd32e23x_timer.o(.text)
    timer_break_enable                       0x08002bad   Thumb Code    12  gd32e23x_timer.o(.text)
    timer_break_disable                      0x08002bb9   Thumb Code    12  gd32e23x_timer.o(.text)
    timer_automatic_output_enable            0x08002bc5   Thumb Code    12  gd32e23x_timer.o(.text)
    timer_automatic_output_disable           0x08002bd1   Thumb Code    12  gd32e23x_timer.o(.text)
    timer_primary_output_config              0x08002bdd   Thumb Code    22  gd32e23x_timer.o(.text)
    timer_channel_control_shadow_config      0x08002bf3   Thumb Code    18  gd32e23x_timer.o(.text)
    timer_channel_control_shadow_update_config 0x08002c05   Thumb Code    26  gd32e23x_timer.o(.text)
    timer_channel_output_struct_para_init    0x08002c1f   Thumb Code    16  gd32e23x_timer.o(.text)
    timer_channel_output_config              0x08002c31   Thumb Code   528  gd32e23x_timer.o(.text)
    timer_channel_output_mode_config         0x08002e55   Thumb Code    92  gd32e23x_timer.o(.text)
    timer_channel_output_pulse_value_config  0x08002eb1   Thumb Code    12  gd32e23x_timer.o(.text)
    timer_channel_output_shadow_config       0x08002ebd   Thumb Code    92  gd32e23x_timer.o(.text)
    timer_channel_output_fast_config         0x08002f19   Thumb Code    92  gd32e23x_timer.o(.text)
    timer_channel_output_clear_config        0x08002f75   Thumb Code    92  gd32e23x_timer.o(.text)
    timer_channel_output_polarity_config     0x08002fd1   Thumb Code    90  gd32e23x_timer.o(.text)
    timer_channel_complementary_output_polarity_config 0x0800302d   Thumb Code    90  gd32e23x_timer.o(.text)
    timer_channel_output_state_config        0x08003089   Thumb Code    90  gd32e23x_timer.o(.text)
    timer_channel_complementary_output_state_config 0x080030e3   Thumb Code    54  gd32e23x_timer.o(.text)
    timer_channel_input_struct_para_init     0x08003119   Thumb Code    14  gd32e23x_timer.o(.text)
    timer_input_capture_config               0x08003129   Thumb Code   404  gd32e23x_timer.o(.text)
    timer_channel_input_capture_prescaler_config 0x080032c1   Thumb Code    92  gd32e23x_timer.o(.text)
    timer_channel_capture_value_register_read 0x0800331d   Thumb Code    16  gd32e23x_timer.o(.text)
    timer_input_pwm_capture_config           0x0800332d   Thumb Code   344  gd32e23x_timer.o(.text)
    timer_hall_mode_config                   0x08003491   Thumb Code    26  gd32e23x_timer.o(.text)
    timer_input_trigger_source_select        0x080034ab   Thumb Code    16  gd32e23x_timer.o(.text)
    timer_master_output_trigger_source_select 0x080034bb   Thumb Code    16  gd32e23x_timer.o(.text)
    timer_slave_mode_select                  0x080034cb   Thumb Code    16  gd32e23x_timer.o(.text)
    timer_master_slave_mode_config           0x080034db   Thumb Code    26  gd32e23x_timer.o(.text)
    timer_external_trigger_config            0x080034f5   Thumb Code    30  gd32e23x_timer.o(.text)
    timer_quadrature_decoder_mode_config     0x08003515   Thumb Code    64  gd32e23x_timer.o(.text)
    timer_internal_clock_config              0x08003559   Thumb Code    10  gd32e23x_timer.o(.text)
    timer_internal_trigger_as_external_clock_config 0x08003563   Thumb Code    30  gd32e23x_timer.o(.text)
    timer_external_trigger_as_external_clock_config 0x08003581   Thumb Code   148  gd32e23x_timer.o(.text)
    timer_external_clock_mode0_config        0x08003615   Thumb Code    44  gd32e23x_timer.o(.text)
    timer_external_clock_mode1_config        0x08003641   Thumb Code    40  gd32e23x_timer.o(.text)
    timer_external_clock_mode1_disable       0x08003669   Thumb Code    12  gd32e23x_timer.o(.text)
    timer_channel_remap_config               0x08003675   Thumb Code     4  gd32e23x_timer.o(.text)
    timer_write_chxval_register_config       0x08003679   Thumb Code    30  gd32e23x_timer.o(.text)
    timer_output_value_selection_config      0x08003697   Thumb Code    30  gd32e23x_timer.o(.text)
    usart_deinit                             0x080036b5   Thumb Code    40  gd32e23x_usart.o(.text)
    usart_baudrate_set                       0x080036ed   Thumb Code    76  gd32e23x_usart.o(.text)
    usart_parity_config                      0x08003745   Thumb Code    26  gd32e23x_usart.o(.text)
    usart_word_length_set                    0x0800375f   Thumb Code    26  gd32e23x_usart.o(.text)
    usart_stop_bit_set                       0x08003779   Thumb Code    26  gd32e23x_usart.o(.text)
    usart_enable                             0x08003793   Thumb Code    10  gd32e23x_usart.o(.text)
    usart_disable                            0x0800379d   Thumb Code    10  gd32e23x_usart.o(.text)
    usart_transmit_config                    0x080037a7   Thumb Code    16  gd32e23x_usart.o(.text)
    usart_receive_config                     0x080037b7   Thumb Code    16  gd32e23x_usart.o(.text)
    usart_data_first_config                  0x080037c7   Thumb Code    26  gd32e23x_usart.o(.text)
    usart_invert_config                      0x080037e1   Thumb Code   112  gd32e23x_usart.o(.text)
    usart_overrun_enable                     0x08003851   Thumb Code    20  gd32e23x_usart.o(.text)
    usart_overrun_disable                    0x08003865   Thumb Code    20  gd32e23x_usart.o(.text)
    usart_oversample_config                  0x08003879   Thumb Code    26  gd32e23x_usart.o(.text)
    usart_sample_bit_config                  0x08003893   Thumb Code    26  gd32e23x_usart.o(.text)
    usart_receiver_timeout_enable            0x080038ad   Thumb Code    12  gd32e23x_usart.o(.text)
    usart_receiver_timeout_disable           0x080038b9   Thumb Code    12  gd32e23x_usart.o(.text)
    usart_receiver_timeout_threshold_config  0x080038c5   Thumb Code    18  gd32e23x_usart.o(.text)
    usart_data_transmit                      0x080038d9   Thumb Code     8  gd32e23x_usart.o(.text)
    usart_data_receive                       0x080038e5   Thumb Code     8  gd32e23x_usart.o(.text)
    usart_autobaud_detection_enable          0x080038f1   Thumb Code    12  gd32e23x_usart.o(.text)
    usart_autobaud_detection_disable         0x080038fd   Thumb Code    12  gd32e23x_usart.o(.text)
    usart_autobaud_detection_mode_config     0x08003909   Thumb Code    18  gd32e23x_usart.o(.text)
    usart_address_config                     0x0800391b   Thumb Code    28  gd32e23x_usart.o(.text)
    usart_address_detection_mode_config      0x08003937   Thumb Code    26  gd32e23x_usart.o(.text)
    usart_mute_mode_enable                   0x08003951   Thumb Code    12  gd32e23x_usart.o(.text)
    usart_mute_mode_disable                  0x0800395d   Thumb Code    12  gd32e23x_usart.o(.text)
    usart_mute_mode_wakeup_config            0x08003969   Thumb Code    26  gd32e23x_usart.o(.text)
    usart_lin_mode_enable                    0x08003983   Thumb Code    20  gd32e23x_usart.o(.text)
    usart_lin_mode_disable                   0x08003997   Thumb Code    20  gd32e23x_usart.o(.text)
    usart_lin_break_detection_length_config  0x080039ab   Thumb Code    26  gd32e23x_usart.o(.text)
    usart_halfduplex_enable                  0x080039c5   Thumb Code    18  gd32e23x_usart.o(.text)
    usart_halfduplex_disable                 0x080039d7   Thumb Code    18  gd32e23x_usart.o(.text)
    usart_clock_enable                       0x080039e9   Thumb Code    20  gd32e23x_usart.o(.text)
    usart_clock_disable                      0x080039fd   Thumb Code    20  gd32e23x_usart.o(.text)
    usart_synchronous_clock_config           0x08003a11   Thumb Code    58  gd32e23x_usart.o(.text)
    usart_guard_time_config                  0x08003a4b   Thumb Code    30  gd32e23x_usart.o(.text)
    usart_smartcard_mode_enable              0x08003a69   Thumb Code    18  gd32e23x_usart.o(.text)
    usart_smartcard_mode_disable             0x08003a7b   Thumb Code    18  gd32e23x_usart.o(.text)
    usart_smartcard_mode_nack_enable         0x08003a8d   Thumb Code    18  gd32e23x_usart.o(.text)
    usart_smartcard_mode_nack_disable        0x08003a9f   Thumb Code    18  gd32e23x_usart.o(.text)
    usart_smartcard_mode_early_nack_enable   0x08003ab1   Thumb Code    12  gd32e23x_usart.o(.text)
    usart_smartcard_mode_early_nack_disable  0x08003abd   Thumb Code    12  gd32e23x_usart.o(.text)
    usart_smartcard_autoretry_config         0x08003ac9   Thumb Code    30  gd32e23x_usart.o(.text)
    usart_block_length_config                0x08003ae7   Thumb Code    20  gd32e23x_usart.o(.text)
    usart_irda_mode_enable                   0x08003afb   Thumb Code    18  gd32e23x_usart.o(.text)
    usart_irda_mode_disable                  0x08003b0d   Thumb Code    18  gd32e23x_usart.o(.text)
    usart_prescaler_config                   0x08003b1f   Thumb Code    24  gd32e23x_usart.o(.text)
    usart_irda_lowpower_config               0x08003b37   Thumb Code    26  gd32e23x_usart.o(.text)
    usart_hardware_flow_rts_config           0x08003b51   Thumb Code    26  gd32e23x_usart.o(.text)
    usart_hardware_flow_cts_config           0x08003b6b   Thumb Code    26  gd32e23x_usart.o(.text)
    usart_hardware_flow_coherence_config     0x08003b85   Thumb Code    22  gd32e23x_usart.o(.text)
    usart_rs485_driver_enable                0x08003b9b   Thumb Code    20  gd32e23x_usart.o(.text)
    usart_rs485_driver_disable               0x08003baf   Thumb Code    20  gd32e23x_usart.o(.text)
    usart_driver_assertime_config            0x08003bc3   Thumb Code    30  gd32e23x_usart.o(.text)
    usart_driver_deassertime_config          0x08003be1   Thumb Code    30  gd32e23x_usart.o(.text)
    usart_depolarity_config                  0x08003bff   Thumb Code    28  gd32e23x_usart.o(.text)
    usart_dma_receive_config                 0x08003c1b   Thumb Code    16  gd32e23x_usart.o(.text)
    usart_dma_transmit_config                0x08003c2b   Thumb Code    16  gd32e23x_usart.o(.text)
    usart_reception_error_dma_disable        0x08003c3b   Thumb Code    20  gd32e23x_usart.o(.text)
    usart_reception_error_dma_enable         0x08003c4f   Thumb Code    20  gd32e23x_usart.o(.text)
    usart_wakeup_enable                      0x08003c63   Thumb Code    10  gd32e23x_usart.o(.text)
    usart_wakeup_disable                     0x08003c6d   Thumb Code    10  gd32e23x_usart.o(.text)
    usart_wakeup_mode_config                 0x08003c77   Thumb Code    28  gd32e23x_usart.o(.text)
    usart_receive_fifo_enable                0x08003c93   Thumb Code    14  gd32e23x_usart.o(.text)
    usart_receive_fifo_disable               0x08003ca1   Thumb Code    14  gd32e23x_usart.o(.text)
    usart_receive_fifo_counter_number        0x08003caf   Thumb Code    10  gd32e23x_usart.o(.text)
    usart_flag_get                           0x08003cb9   Thumb Code    16  gd32e23x_usart.o(.text)
    usart_flag_clear                         0x08003cc9   Thumb Code    16  gd32e23x_usart.o(.text)
    usart_interrupt_enable                   0x08003cd9   Thumb Code    18  gd32e23x_usart.o(.text)
    usart_interrupt_disable                  0x08003ceb   Thumb Code    18  gd32e23x_usart.o(.text)
    usart_command_enable                     0x08003cfd   Thumb Code     8  gd32e23x_usart.o(.text)
    usart_interrupt_flag_get                 0x08003d05   Thumb Code    30  gd32e23x_usart.o(.text)
    usart_interrupt_flag_clear               0x08003d25   Thumb Code    36  gd32e23x_usart.o(.text)
    Reset_Handler                            0x08003d4d   Thumb Code     8  startup_gd32e23x.o(.text)
    ADC_CMP_IRQHandler                       0x08003d5f   Thumb Code     0  startup_gd32e23x.o(.text)
    DMA_Channel1_2_IRQHandler                0x08003d5f   Thumb Code     0  startup_gd32e23x.o(.text)
    EXTI0_1_IRQHandler                       0x08003d5f   Thumb Code     0  startup_gd32e23x.o(.text)
    EXTI2_3_IRQHandler                       0x08003d5f   Thumb Code     0  startup_gd32e23x.o(.text)
    EXTI4_15_IRQHandler                      0x08003d5f   Thumb Code     0  startup_gd32e23x.o(.text)
    FMC_IRQHandler                           0x08003d5f   Thumb Code     0  startup_gd32e23x.o(.text)
    I2C0_ER_IRQHandler                       0x08003d5f   Thumb Code     0  startup_gd32e23x.o(.text)
    I2C0_EV_IRQHandler                       0x08003d5f   Thumb Code     0  startup_gd32e23x.o(.text)
    I2C1_ER_IRQHandler                       0x08003d5f   Thumb Code     0  startup_gd32e23x.o(.text)
    I2C1_EV_IRQHandler                       0x08003d5f   Thumb Code     0  startup_gd32e23x.o(.text)
    LVD_IRQHandler                           0x08003d5f   Thumb Code     0  startup_gd32e23x.o(.text)
    RCU_IRQHandler                           0x08003d5f   Thumb Code     0  startup_gd32e23x.o(.text)
    RTC_IRQHandler                           0x08003d5f   Thumb Code     0  startup_gd32e23x.o(.text)
    SPI0_IRQHandler                          0x08003d5f   Thumb Code     0  startup_gd32e23x.o(.text)
    SPI1_IRQHandler                          0x08003d5f   Thumb Code     0  startup_gd32e23x.o(.text)
    TIMER0_Channel_IRQHandler                0x08003d5f   Thumb Code     0  startup_gd32e23x.o(.text)
    TIMER14_IRQHandler                       0x08003d5f   Thumb Code     0  startup_gd32e23x.o(.text)
    TIMER15_IRQHandler                       0x08003d5f   Thumb Code     0  startup_gd32e23x.o(.text)
    TIMER16_IRQHandler                       0x08003d5f   Thumb Code     0  startup_gd32e23x.o(.text)
    TIMER2_IRQHandler                        0x08003d5f   Thumb Code     0  startup_gd32e23x.o(.text)
    TIMER5_IRQHandler                        0x08003d5f   Thumb Code     0  startup_gd32e23x.o(.text)
    USART0_IRQHandler                        0x08003d5f   Thumb Code     0  startup_gd32e23x.o(.text)
    USART1_IRQHandler                        0x08003d5f   Thumb Code     0  startup_gd32e23x.o(.text)
    WWDGT_IRQHandler                         0x08003d5f   Thumb Code     0  startup_gd32e23x.o(.text)
    __user_initial_stackheap                 0x08003d61   Thumb Code    10  startup_gd32e23x.o(.text)
    SystemInit                               0x08003d85   Thumb Code   208  system_gd32e23x.o(.text)
    SystemCoreClockUpdate                    0x08003e75   Thumb Code    96  system_gd32e23x.o(.text)
    __use_two_region_memory                  0x08003ef5   Thumb Code     2  heapauxi.o(.text)
    __rt_heap_escrow$2region                 0x08003ef7   Thumb Code     2  heapauxi.o(.text)
    __rt_heap_expand$2region                 0x08003ef9   Thumb Code     2  heapauxi.o(.text)
    __aeabi_d2f                              0x08003efd   Thumb Code     0  d2f.o(.text)
    _d2f                                     0x08003efd   Thumb Code   120  d2f.o(.text)
    __aeabi_dadd                             0x08004271   Thumb Code     0  daddsub.o(.text)
    _dadd                                    0x08004271   Thumb Code    26  daddsub.o(.text)
    __aeabi_dsub                             0x0800428b   Thumb Code     0  daddsub.o(.text)
    _dsub                                    0x0800428b   Thumb Code    22  daddsub.o(.text)
    __aeabi_drsub                            0x080042a1   Thumb Code     0  daddsub.o(.text)
    _drsb                                    0x080042a1   Thumb Code    28  daddsub.o(.text)
    __aeabi_ddiv                             0x080042d1   Thumb Code     0  ddiv.o(.text)
    _ddiv                                    0x080042d1   Thumb Code  1072  ddiv.o(.text)
    _drdiv                                   0x08004701   Thumb Code    20  ddiv.o(.text)
    __aeabi_i2d_normalise                    0x08004719   Thumb Code    66  dflti.o(.text)
    __aeabi_i2d                              0x0800475b   Thumb Code    16  dflti.o(.text)
    _dflt                                    0x0800475b   Thumb Code     0  dflti.o(.text)
    __aeabi_ui2d                             0x0800476b   Thumb Code     6  dflti.o(.text)
    _dfltu                                   0x0800476b   Thumb Code     0  dflti.o(.text)
    __aeabi_dmul                             0x08004771   Thumb Code     0  dmul.o(.text)
    _dmul                                    0x08004771   Thumb Code   558  dmul.o(.text)
    __aeabi_f2d                              0x080049b9   Thumb Code     0  f2d.o(.text)
    _f2d                                     0x080049b9   Thumb Code    80  f2d.o(.text)
    __aeabi_fdiv                             0x08004a0d   Thumb Code     0  fdiv.o(.text)
    _fdiv                                    0x08004a0d   Thumb Code   334  fdiv.o(.text)
    _frdiv                                   0x08004b5b   Thumb Code     8  fdiv.o(.text)
    __aeabi_f2iz                             0x08004b6d   Thumb Code     0  ffixi.o(.text)
    _ffix                                    0x08004b6d   Thumb Code    76  ffixi.o(.text)
    __aeabi_i2f_normalise                    0x08004bb9   Thumb Code    72  fflti.o(.text)
    __aeabi_i2f                              0x08004c01   Thumb Code    16  fflti.o(.text)
    _fflt                                    0x08004c01   Thumb Code     0  fflti.o(.text)
    __aeabi_ui2f                             0x08004c11   Thumb Code     6  fflti.o(.text)
    _ffltu                                   0x08004c11   Thumb Code     0  fflti.o(.text)
    __fpl_fcmp_InfNaN                        0x08004c19   Thumb Code    96  fcmpin.o(.text)
    __user_setup_stackheap                   0x08004c7d   Thumb Code    62  sys_stackheap_outer.o(.text)
    exit                                     0x08004cbb   Thumb Code    16  exit.o(.text)
    __fpl_cmpreturn                          0x08004ccb   Thumb Code    46  cmpret.o(.text)
    __fpl_fcheck_NaN2                        0x08004cf9   Thumb Code    10  fnan2.o(.text)
    __user_libspace                          0x08004d09   Thumb Code     8  libspace.o(.text)
    __user_perproc_libspace                  0x08004d09   Thumb Code     0  libspace.o(.text)
    __user_perthread_libspace                0x08004d09   Thumb Code     0  libspace.o(.text)
    __fpl_return_NaN                         0x08004d11   Thumb Code    94  retnan.o(.text)
    _sys_exit                                0x08004d71   Thumb Code     8  sys_exit.o(.text)
    __I$use$semihosting                      0x08004d7d   Thumb Code     0  use_no_semi.o(.text)
    __use_no_semihosting_swi                 0x08004d7d   Thumb Code     2  use_no_semi.o(.text)
    __aeabi_fcmpge                           0x08004d7f   Thumb Code     0  fcmp.o(i._fgeq)
    __semihosting_library_function           0x08004d7f   Thumb Code     0  indicate_semi.o(.text)
    _fgeq                                    0x08004d7f   Thumb Code    22  fcmp.o(i._fgeq)
    __aeabi_fcmpgt                           0x08004d95   Thumb Code     0  fcmp.o(i._fgr)
    _fgr                                     0x08004d95   Thumb Code    22  fcmp.o(i._fgr)
    __aeabi_fcmple                           0x08004dab   Thumb Code     0  fcmp.o(i._fleq)
    _fleq                                    0x08004dab   Thumb Code    26  fcmp.o(i._fleq)
    __aeabi_fcmplt                           0x08004dc5   Thumb Code     0  fcmp.o(i._fls)
    _fls                                     0x08004dc5   Thumb Code    22  fcmp.o(i._fls)
    __aeabi_fadd                             0x08004ddd   Thumb Code     0  faddsub.o(x$fpl$fadd)
    _fadd                                    0x08004ddd   Thumb Code   134  faddsub.o(x$fpl$fadd)
    _fcmpge                                  0x08004e69   Thumb Code    78  fgef.o(x$fpl$fgeqf)
    __aeabi_cfcmple                          0x08004ebd   Thumb Code     0  flef.o(x$fpl$fleqf)
    _fcmple                                  0x08004ebd   Thumb Code    78  flef.o(x$fpl$fleqf)
    __aeabi_fmul                             0x08004f11   Thumb Code     0  fmul.o(x$fpl$fmul)
    _fmul                                    0x08004f11   Thumb Code   172  fmul.o(x$fpl$fmul)
    __aeabi_fsub                             0x08004fc1   Thumb Code     0  faddsub.o(x$fpl$fsub)
    _fsub                                    0x08004fc1   Thumb Code   204  faddsub.o(x$fpl$fsub)
    __I$use$fp                               0x08005090   Number         0  usenofp.o(x$fpl$usenofp)
    hall_to_pos                              0x08005170   Data           8  bldc.o(.rodata.hall_to_pos)
    lookUpTableAngle                         0x08005178   Data         724  main.o(.rodata.lookUpTableAngle)
    Region$$Table$$Base                      0x0800544c   Number         0  anon$$obj.o(Region$$Table)
    Region$$Table$$Limit                     0x0800546c   Number         0  anon$$obj.o(Region$$Table)
    SystemCoreClock                          0x20000000   Data           4  system_gd32e23x.o(.data.SystemCoreClock)
    batteryVoltage                           0x20000004   Data           4  bldc.o(.data.batteryVoltage)
    beepsBackwards                           0x20000008   Data           1  main.o(.data.beepsBackwards)
    offsetdc                                 0x2000000c   Data           2  bldc.o(.data.offsetdc)
    __libspace_start                         0x20000010   Data          96  libspace.o(.bss)
    __temporary_stack_top$libspace           0x20000070   Data           0  libspace.o(.bss)
    adc_buffer                               0x20000088   Data           4  bldc.o(.bss.adc_buffer)
    batteryMaster                            0x2000008c   Data           2  commsmasterslave.o(.bss.batteryMaster)
    beepsBackwardsMaster                     0x2000008e   Data           1  commsmasterslave.o(.bss.beepsBackwardsMaster)
    bldc_enable                              0x2000008f   Data           1  bldc.o(.bss.bldc_enable)
    bldc_inputFilterPwm                      0x20000090   Data           2  bldc.o(.bss.bldc_inputFilterPwm)
    bldc_outputFilterPwm                     0x20000092   Data           2  bldc.o(.bss.bldc_outputFilterPwm)
    buzzerTimer                              0x20000094   Data           2  bldc.o(.bss.buzzerTimer)
    currentDC                                0x20000098   Data           4  bldc.o(.bss.currentDC)
    currentDCMaster                          0x2000009c   Data           2  commsmasterslave.o(.bss.currentDCMaster)
    dma_init_struct_adc                      0x200000a0   Data          28  setup.o(.bss.dma_init_struct_adc)
    dma_init_struct_usart                    0x200000bc   Data          28  setup.o(.bss.dma_init_struct_usart)
    filter_reg                               0x200000d8   Data           4  bldc.o(.bss.filter_reg)
    hall                                     0x200000dc   Data           1  bldc.o(.bss.hall)
    hall_a                                   0x200000dd   Data           1  bldc.o(.bss.hall_a)
    hall_b                                   0x200000de   Data           1  bldc.o(.bss.hall_b)
    hall_c                                   0x200000df   Data           1  bldc.o(.bss.hall_c)
    iOdom                                    0x200000e0   Data           4  bldc.o(.bss.iOdom)
    inactivity_timeout_counter               0x200000e8   Data           4  main.o(.bss.inactivity_timeout_counter)
    lastPos                                  0x200000ec   Data           1  bldc.o(.bss.lastPos)
    msTicks                                  0x200000f0   Data           4  it.o(.bss.msTicks)
    oDataSlave                               0x200000f4   Data          16  main.o(.bss.oDataSlave)
    offsetcount                              0x20000104   Data           2  bldc.o(.bss.offsetcount)
    pos                                      0x20000106   Data           1  bldc.o(.bss.pos)
    realSpeed                                0x20000108   Data           4  bldc.o(.bss.realSpeed)
    realSpeedMaster                          0x2000010c   Data           2  commsmasterslave.o(.bss.realSpeedMaster)
    speed                                    0x20000110   Data           4  main.o(.bss.speed)
    speedCounter                             0x20000114   Data           4  bldc.o(.bss.speedCounter)
    steer                                    0x20000118   Data           4  main.o(.bss.steer)
    steerCounter                             0x2000011c   Data           4  main.o(.bss.steerCounter)
    timedOut                                 0x20000120   Data           1  it.o(.bss.timedOut)
    timeoutCounter_ms                        0x20000124   Data           4  it.o(.bss.timeoutCounter_ms)
    timeoutTimer_paramter_struct             0x20000128   Data          16  setup.o(.bss.timeoutTimer_paramter_struct)
    timerBldc_break_parameter_struct         0x20000138   Data          14  setup.o(.bss.timerBldc_break_parameter_struct)
    timerBldc_oc_parameter_struct            0x20000146   Data          12  setup.o(.bss.timerBldc_oc_parameter_struct)
    timerBldc_paramter_struct                0x20000154   Data          16  setup.o(.bss.timerBldc_paramter_struct)
    usartMasterSlave_rx_buf                  0x20000164   Data           1  setup.o(.bss.usartMasterSlave_rx_buf)
    usartSteer_COM_rx_buf                    0x20000165   Data           1  setup.o(.bss.usartSteer_COM_rx_buf)



==============================================================================

Memory Map of the image

  Image Entry point : 0x080000cd

  Load Region LR_IROM1 (Base: 0x08000000, Size: 0x00005480, Max: 0x00010000, ABSOLUTE)

    Execution Region ER_IROM1 (Exec base: 0x08000000, Load base: 0x08000000, Size: 0x0000546c, Max: 0x00010000, ABSOLUTE)

    Exec Addr    Load Addr    Size         Type   Attr      Idx    E Section Name        Object

    0x08000000   0x08000000   0x000000cc   Data   RO          100    RESET               startup_gd32e23x.o
    0x080000cc   0x080000cc   0x00000008   Code   RO          110  * !!!main             c_p.l(__main.o)
    0x080000d4   0x080000d4   0x0000003c   Code   RO          271    !!!scatter          c_p.l(__scatter.o)
    0x08000110   0x08000110   0x0000001a   Code   RO          272    !!handler_copy      c_p.l(__scatter_copy.o)
    0x0800012a   0x0800012a   0x00000002   PAD
    0x0800012c   0x0800012c   0x0000001c   Code   RO          273    !!handler_zi        c_p.l(__scatter_zi.o)
    0x08000148   0x08000148   0x00000002   Code   RO          159    .ARM.Collect$$libinit$$00000000  c_p.l(libinit.o)
    0x0800014a   0x0800014a   0x00000000   Code   RO          168    .ARM.Collect$$libinit$$00000002  c_p.l(libinit2.o)
    0x0800014a   0x0800014a   0x00000000   Code   RO          170    .ARM.Collect$$libinit$$00000004  c_p.l(libinit2.o)
    0x0800014a   0x0800014a   0x00000000   Code   RO          172    .ARM.Collect$$libinit$$00000006  c_p.l(libinit2.o)
    0x0800014a   0x0800014a   0x00000000   Code   RO          175    .ARM.Collect$$libinit$$0000000C  c_p.l(libinit2.o)
    0x0800014a   0x0800014a   0x00000000   Code   RO          177    .ARM.Collect$$libinit$$0000000E  c_p.l(libinit2.o)
    0x0800014a   0x0800014a   0x00000000   Code   RO          179    .ARM.Collect$$libinit$$00000010  c_p.l(libinit2.o)
    0x0800014a   0x0800014a   0x00000000   Code   RO          182    .ARM.Collect$$libinit$$00000013  c_p.l(libinit2.o)
    0x0800014a   0x0800014a   0x00000000   Code   RO          184    .ARM.Collect$$libinit$$00000015  c_p.l(libinit2.o)
    0x0800014a   0x0800014a   0x00000000   Code   RO          186    .ARM.Collect$$libinit$$00000017  c_p.l(libinit2.o)
    0x0800014a   0x0800014a   0x00000000   Code   RO          188    .ARM.Collect$$libinit$$00000019  c_p.l(libinit2.o)
    0x0800014a   0x0800014a   0x00000000   Code   RO          190    .ARM.Collect$$libinit$$0000001B  c_p.l(libinit2.o)
    0x0800014a   0x0800014a   0x00000000   Code   RO          192    .ARM.Collect$$libinit$$0000001D  c_p.l(libinit2.o)
    0x0800014a   0x0800014a   0x00000000   Code   RO          194    .ARM.Collect$$libinit$$0000001F  c_p.l(libinit2.o)
    0x0800014a   0x0800014a   0x00000000   Code   RO          196    .ARM.Collect$$libinit$$00000021  c_p.l(libinit2.o)
    0x0800014a   0x0800014a   0x00000000   Code   RO          198    .ARM.Collect$$libinit$$00000023  c_p.l(libinit2.o)
    0x0800014a   0x0800014a   0x00000000   Code   RO          200    .ARM.Collect$$libinit$$00000025  c_p.l(libinit2.o)
    0x0800014a   0x0800014a   0x00000000   Code   RO          202    .ARM.Collect$$libinit$$00000027  c_p.l(libinit2.o)
    0x0800014a   0x0800014a   0x00000000   Code   RO          206    .ARM.Collect$$libinit$$0000002E  c_p.l(libinit2.o)
    0x0800014a   0x0800014a   0x00000000   Code   RO          208    .ARM.Collect$$libinit$$00000030  c_p.l(libinit2.o)
    0x0800014a   0x0800014a   0x00000000   Code   RO          210    .ARM.Collect$$libinit$$00000032  c_p.l(libinit2.o)
    0x0800014a   0x0800014a   0x00000000   Code   RO          212    .ARM.Collect$$libinit$$00000034  c_p.l(libinit2.o)
    0x0800014a   0x0800014a   0x00000002   Code   RO          213    .ARM.Collect$$libinit$$00000035  c_p.l(libinit2.o)
    0x0800014c   0x0800014c   0x00000002   Code   RO          229    .ARM.Collect$$libshutdown$$00000000  c_p.l(libshutdown.o)
    0x0800014e   0x0800014e   0x00000000   Code   RO          238    .ARM.Collect$$libshutdown$$00000002  c_p.l(libshutdown2.o)
    0x0800014e   0x0800014e   0x00000000   Code   RO          240    .ARM.Collect$$libshutdown$$00000004  c_p.l(libshutdown2.o)
    0x0800014e   0x0800014e   0x00000000   Code   RO          243    .ARM.Collect$$libshutdown$$00000007  c_p.l(libshutdown2.o)
    0x0800014e   0x0800014e   0x00000000   Code   RO          246    .ARM.Collect$$libshutdown$$0000000A  c_p.l(libshutdown2.o)
    0x0800014e   0x0800014e   0x00000000   Code   RO          248    .ARM.Collect$$libshutdown$$0000000C  c_p.l(libshutdown2.o)
    0x0800014e   0x0800014e   0x00000000   Code   RO          251    .ARM.Collect$$libshutdown$$0000000F  c_p.l(libshutdown2.o)
    0x0800014e   0x0800014e   0x00000002   Code   RO          252    .ARM.Collect$$libshutdown$$00000010  c_p.l(libshutdown2.o)
    0x08000150   0x08000150   0x00000000   Code   RO          132    .ARM.Collect$$rtentry$$00000000  c_p.l(__rtentry.o)
    0x08000150   0x08000150   0x00000000   Code   RO          138    .ARM.Collect$$rtentry$$00000002  c_p.l(__rtentry2.o)
    0x08000150   0x08000150   0x00000006   Code   RO          150    .ARM.Collect$$rtentry$$00000004  c_p.l(__rtentry4.o)
    0x08000156   0x08000156   0x00000000   Code   RO          140    .ARM.Collect$$rtentry$$00000009  c_p.l(__rtentry2.o)
    0x08000156   0x08000156   0x00000004   Code   RO          141    .ARM.Collect$$rtentry$$0000000A  c_p.l(__rtentry2.o)
    0x0800015a   0x0800015a   0x00000000   Code   RO          143    .ARM.Collect$$rtentry$$0000000C  c_p.l(__rtentry2.o)
    0x0800015a   0x0800015a   0x00000008   Code   RO          144    .ARM.Collect$$rtentry$$0000000D  c_p.l(__rtentry2.o)
    0x08000162   0x08000162   0x00000002   Code   RO          165    .ARM.Collect$$rtexit$$00000000  c_p.l(rtexit.o)
    0x08000164   0x08000164   0x00000000   Code   RO          216    .ARM.Collect$$rtexit$$00000002  c_p.l(rtexit2.o)
    0x08000164   0x08000164   0x00000004   Code   RO          217    .ARM.Collect$$rtexit$$00000003  c_p.l(rtexit2.o)
    0x08000168   0x08000168   0x00000006   Code   RO          218    .ARM.Collect$$rtexit$$00000004  c_p.l(rtexit2.o)
    0x0800016e   0x0800016e   0x00000002   PAD
    0x08000170   0x08000170   0x00000538   Code   RO            1    .text               main.o
    0x080006a8   0x080006a8   0x000003e8   Code   RO           13    .text               bldc.o
    0x08000a90   0x08000a90   0x000006a2   Code   RO           37    .text               setup.o
    0x08001132   0x08001132   0x00000002   PAD
    0x08001134   0x08001134   0x00000100   Code   RO           47    .text               it.o
    0x08001234   0x08001234   0x00000074   Code   RO           52    .text               comms.o
    0x080012a8   0x080012a8   0x00000150   Code   RO           55    .text               commssteering.o
    0x080013f8   0x080013f8   0x00000208   Code   RO           59    .text               commsmasterslave.o
    0x08001600   0x08001600   0x00000594   Code   RO           69    .text               gd32e23x_adc.o
    0x08001b94   0x08001b94   0x000002dc   Code   RO           71    .text               gd32e23x_dma.o
    0x08001e70   0x08001e70   0x00000140   Code   RO           73    .text               gd32e23x_fwdgt.o
    0x08001fb0   0x08001fb0   0x0000017c   Code   RO           75    .text               gd32e23x_gpio.o
    0x0800212c   0x0800212c   0x000000e4   Code   RO           80    .text               gd32e23x_misc.o
    0x08002210   0x08002210   0x000006c0   Code   RO           87    .text               gd32e23x_rcu.o
    0x080028d0   0x080028d0   0x00000de4   Code   RO           92    .text               gd32e23x_timer.o
    0x080036b4   0x080036b4   0x00000698   Code   RO           94    .text               gd32e23x_usart.o
    0x08003d4c   0x08003d4c   0x00000038   Code   RO          101    .text               startup_gd32e23x.o
    0x08003d84   0x08003d84   0x00000170   Code   RO          102    .text               system_gd32e23x.o
    0x08003ef4   0x08003ef4   0x00000006   Code   RO          109    .text               c_p.l(heapauxi.o)
    0x08003efa   0x08003efa   0x00000002   PAD
    0x08003efc   0x08003efc   0x0000007c   Code   RO          111    .text               fz_ps.l(d2f.o)
    0x08003f78   0x08003f78   0x00000358   Code   RO          112    .text               fz_ps.l(daddsub.o)
    0x080042d0   0x080042d0   0x00000448   Code   RO          113    .text               fz_ps.l(ddiv.o)
    0x08004718   0x08004718   0x00000058   Code   RO          115    .text               fz_ps.l(dflti.o)
    0x08004770   0x08004770   0x00000248   Code   RO          116    .text               fz_ps.l(dmul.o)
    0x080049b8   0x080049b8   0x00000054   Code   RO          117    .text               fz_ps.l(f2d.o)
    0x08004a0c   0x08004a0c   0x00000160   Code   RO          127    .text               fz_ps.l(fdiv.o)
    0x08004b6c   0x08004b6c   0x0000004c   Code   RO          129    .text               fz_ps.l(ffixi.o)
    0x08004bb8   0x08004bb8   0x0000005e   Code   RO          130    .text               fz_ps.l(fflti.o)
    0x08004c16   0x08004c16   0x00000002   PAD
    0x08004c18   0x08004c18   0x00000064   Code   RO          152    .text               fz_ps.l(fcmpin.o)
    0x08004c7c   0x08004c7c   0x0000003e   Code   RO          153    .text               c_p.l(sys_stackheap_outer.o)
    0x08004cba   0x08004cba   0x00000010   Code   RO          155    .text               c_p.l(exit.o)
    0x08004cca   0x08004cca   0x0000002e   Code   RO          160    .text               fz_ps.l(cmpret.o)
    0x08004cf8   0x08004cf8   0x00000010   Code   RO          161    .text               fz_ps.l(fnan2.o)
    0x08004d08   0x08004d08   0x00000008   Code   RO          162    .text               c_p.l(libspace.o)
    0x08004d10   0x08004d10   0x0000005e   Code   RO          214    .text               fz_ps.l(retnan.o)
    0x08004d6e   0x08004d6e   0x00000002   PAD
    0x08004d70   0x08004d70   0x0000000c   Code   RO          224    .text               c_p.l(sys_exit.o)
    0x08004d7c   0x08004d7c   0x00000002   Code   RO          232    .text               c_p.l(use_no_semi.o)
    0x08004d7e   0x08004d7e   0x00000000   Code   RO          233    .text               c_p.l(indicate_semi.o)
    0x08004d7e   0x08004d7e   0x00000016   Code   RO          122    i._fgeq             fz_ps.l(fcmp.o)
    0x08004d94   0x08004d94   0x00000016   Code   RO          123    i._fgr              fz_ps.l(fcmp.o)
    0x08004daa   0x08004daa   0x0000001a   Code   RO          124    i._fleq             fz_ps.l(fcmp.o)
    0x08004dc4   0x08004dc4   0x00000016   Code   RO          125    i._fls              fz_ps.l(fcmp.o)
    0x08004dda   0x08004dda   0x00000002   PAD
    0x08004ddc   0x08004ddc   0x0000008c   Code   RO          118    x$fpl$fadd          fz_ps.l(faddsub.o)
    0x08004e68   0x08004e68   0x00000054   Code   RO          134    x$fpl$fgeqf         fz_ps.l(fgef.o)
    0x08004ebc   0x08004ebc   0x00000054   Code   RO          135    x$fpl$fleqf         fz_ps.l(flef.o)
    0x08004f10   0x08004f10   0x000000b0   Code   RO          131    x$fpl$fmul          fz_ps.l(fmul.o)
    0x08004fc0   0x08004fc0   0x000000d0   Code   RO          120    x$fpl$fsub          fz_ps.l(faddsub.o)
    0x08005090   0x08005090   0x00000000   Code   RO          136    x$fpl$usenofp       fz_ps.l(usenofp.o)
    0x08005090   0x08005090   0x00000080   Data   RO          114    .constdata          fz_ps.l(ddiv.o)
    0x08005110   0x08005110   0x00000040   Data   RO          128    .constdata          fz_ps.l(fdiv.o)
    0x08005150   0x08005150   0x0000000c   Data   RO           27    .rodata..L__const.up_or_down.up_down  bldc.o
    0x0800515c   0x0800515c   0x0000000c   Data   RO           77    .rodata..Lswitch.table.gpio_deinit.1  gd32e23x_gpio.o
    0x08005168   0x08005168   0x00000008   Data   RO           89    .rodata.cst8        gd32e23x_rcu.o
    0x08005170   0x08005170   0x00000008   Data   RO           28    .rodata.hall_to_pos  bldc.o
    0x08005178   0x08005178   0x000002d4   Data   RO           10    .rodata.lookUpTableAngle  main.o
    0x0800544c   0x0800544c   0x00000020   Data   RO          270    Region$$Table       anon$$obj.o


    Execution Region RW_IRAM1 (Exec base: 0x20000000, Load base: 0x08005470, Size: 0x00000968, Max: 0x00002000, ABSOLUTE)

    Exec Addr    Load Addr    Size         Type   Attr      Idx    E Section Name        Object

    0x20000000   0x08005470   0x00000004   Data   RW          104    .data.SystemCoreClock  system_gd32e23x.o
    0x20000004   0x08005474   0x00000004   Data   RW           16    .data.batteryVoltage  bldc.o
    0x20000008   0x08005478   0x00000001   Data   RW            7    .data.beepsBackwards  main.o
    0x20000009   0x08005479   0x00000001   PAD
    0x2000000a   0x0800547a   0x00000002   Data   RW           66    .data.iReceivePos   commsmasterslave.o
    0x2000000c   0x0800547c   0x00000002   Data   RW           24    .data.offsetdc      bldc.o
    0x2000000e   0x0800547e   0x00000002   PAD
    0x20000010        -       0x00000060   Zero   RW          163    .bss                c_p.l(libspace.o)
    0x20000070        -       0x00000007   Zero   RW           58    .bss.aReceiveBuffer  commssteering.o
    0x20000077        -       0x00000010   Zero   RW           67    .bss.aReceiveBuffer  commsmasterslave.o
    0x20000087   0x0800547e   0x00000001   PAD
    0x20000088        -       0x00000004   Zero   RW           29    .bss.adc_buffer     bldc.o
    0x2000008c        -       0x00000002   Zero   RW           62    .bss.batteryMaster  commsmasterslave.o
    0x2000008e        -       0x00000001   Zero   RW           65    .bss.beepsBackwardsMaster  commsmasterslave.o
    0x2000008f        -       0x00000001   Zero   RW           20    .bss.bldc_enable    bldc.o
    0x20000090        -       0x00000002   Zero   RW           19    .bss.bldc_inputFilterPwm  bldc.o
    0x20000092        -       0x00000002   Zero   RW           21    .bss.bldc_outputFilterPwm  bldc.o
    0x20000094        -       0x00000002   Zero   RW           22    .bss.buzzerTimer    bldc.o
    0x20000096   0x0800547e   0x00000002   PAD
    0x20000098        -       0x00000004   Zero   RW           17    .bss.currentDC      bldc.o
    0x2000009c        -       0x00000002   Zero   RW           61    .bss.currentDCMaster  commsmasterslave.o
    0x2000009e   0x0800547e   0x00000002   PAD
    0x200000a0        -       0x0000001c   Zero   RW           43    .bss.dma_init_struct_adc  setup.o
    0x200000bc        -       0x0000001c   Zero   RW           44    .bss.dma_init_struct_usart  setup.o
    0x200000d8        -       0x00000004   Zero   RW           35    .bss.filter_reg     bldc.o
    0x200000dc        -       0x00000001   Zero   RW           33    .bss.hall           bldc.o
    0x200000dd        -       0x00000001   Zero   RW           30    .bss.hall_a         bldc.o
    0x200000de        -       0x00000001   Zero   RW           31    .bss.hall_b         bldc.o
    0x200000df        -       0x00000001   Zero   RW           32    .bss.hall_c         bldc.o
    0x200000e0        -       0x00000004   Zero   RW           26    .bss.iOdom          bldc.o
    0x200000e4        -       0x00000002   Zero   RW           57    .bss.iReceivePos    commssteering.o
    0x200000e6   0x0800547e   0x00000002   PAD
    0x200000e8        -       0x00000004   Zero   RW            9    .bss.inactivity_timeout_counter  main.o
    0x200000ec        -       0x00000001   Zero   RW           36    .bss.lastPos        bldc.o
    0x200000ed   0x0800547e   0x00000003   PAD
    0x200000f0        -       0x00000004   Zero   RW           51    .bss.msTicks        it.o
    0x200000f4        -       0x00000010   Zero   RW           11    .bss.oDataSlave     main.o
    0x20000104        -       0x00000002   Zero   RW           23    .bss.offsetcount    bldc.o
    0x20000106        -       0x00000001   Zero   RW           34    .bss.pos            bldc.o
    0x20000107   0x0800547e   0x00000001   PAD
    0x20000108        -       0x00000004   Zero   RW           18    .bss.realSpeed      bldc.o
    0x2000010c        -       0x00000002   Zero   RW           63    .bss.realSpeedMaster  commsmasterslave.o
    0x2000010e   0x0800547e   0x00000002   PAD
    0x20000110        -       0x00000004   Zero   RW            4    .bss.speed          main.o
    0x20000114        -       0x00000004   Zero   RW           25    .bss.speedCounter   bldc.o
    0x20000118        -       0x00000004   Zero   RW            5    .bss.steer          main.o
    0x2000011c        -       0x00000004   Zero   RW            3    .bss.steerCounter   main.o
    0x20000120        -       0x00000001   Zero   RW           50    .bss.timedOut       it.o
    0x20000121   0x0800547e   0x00000003   PAD
    0x20000124        -       0x00000004   Zero   RW           49    .bss.timeoutCounter_ms  it.o
    0x20000128        -       0x00000010   Zero   RW           39    .bss.timeoutTimer_paramter_struct  setup.o
    0x20000138        -       0x0000000e   Zero   RW           42    .bss.timerBldc_break_parameter_struct  setup.o
    0x20000146        -       0x0000000c   Zero   RW           41    .bss.timerBldc_oc_parameter_struct  setup.o
    0x20000152   0x0800547e   0x00000002   PAD
    0x20000154        -       0x00000010   Zero   RW           40    .bss.timerBldc_paramter_struct  setup.o
    0x20000164        -       0x00000001   Zero   RW           45    .bss.usartMasterSlave_rx_buf  setup.o
    0x20000165        -       0x00000001   Zero   RW           46    .bss.usartSteer_COM_rx_buf  setup.o
    0x20000166   0x0800547e   0x00000002   PAD
    0x20000168        -       0x00000400   Zero   RW           99    HEAP                startup_gd32e23x.o
    0x20000568        -       0x00000400   Zero   RW           98    STACK               startup_gd32e23x.o


==============================================================================

Image component sizes


      Code (inc. data)   RO Data    RW Data    ZI Data      Debug   Object Name

      1000        172         20          6         39          0   bldc.o
       116          8          0          0          0          0   comms.o
       520         68          0          2         23          0   commsmasterslave.o
       336         64          0          0          9          0   commssteering.o
      1428        184          0          0          0          0   gd32e23x_adc.o
       732        104          0          0          0          0   gd32e23x_dma.o
       320         96          0          0          0          0   gd32e23x_fwdgt.o
       380          8         12          0          0          0   gd32e23x_gpio.o
       228         44          0          0          0          0   gd32e23x_misc.o
      1728        232          8          0          0          0   gd32e23x_rcu.o
      3556        120          0          0          0          0   gd32e23x_timer.o
      1688         40          0          0          0          0   gd32e23x_usart.o
       256         48          0          0          9          0   it.o
      1336        132        724          1         32          0   main.o
      1698         92          0          0        116          0   setup.o
        56         26        204          0       2048          0   startup_gd32e23x.o
       368         64          0          4          0          0   system_gd32e23x.o

    ----------------------------------------------------------------------
     15748       1502       1000         16       2296          0   Object Totals
         0          0         32          0          0          0   (incl. Generated)
         2          0          0          3         20          0   (incl. Padding)

    ----------------------------------------------------------------------

      Code (inc. data)   RO Data    RW Data    ZI Data      Debug   Library Member Name

         8          0          0          0          0          0   __main.o
         0          0          0          0          0          0   __rtentry.o
        12          0          0          0          0          0   __rtentry2.o
         6          0          0          0          0          0   __rtentry4.o
        60          8          0          0          0          0   __scatter.o
        26          0          0          0          0          0   __scatter_copy.o
        28          0          0          0          0          0   __scatter_zi.o
        16          0          0          0          0          0   exit.o
         6          0          0          0          0          0   heapauxi.o
         0          0          0          0          0          0   indicate_semi.o
         2          0          0          0          0          0   libinit.o
         2          0          0          0          0          0   libinit2.o
         2          0          0          0          0          0   libshutdown.o
         2          0          0          0          0          0   libshutdown2.o
         8          4          0          0         96          0   libspace.o
         2          0          0          0          0          0   rtexit.o
        10          0          0          0          0          0   rtexit2.o
        12          4          0          0          0          0   sys_exit.o
        62          0          0          0          0          0   sys_stackheap_outer.o
         2          0          0          0          0          0   use_no_semi.o
        46          0          0          0          0          0   cmpret.o
       124          4          0          0          0          0   d2f.o
       856         20          0          0          0          0   daddsub.o
      1096         26        128          0          0          0   ddiv.o
        88          0          0          0          0          0   dflti.o
       584         26          0          0          0          0   dmul.o
        84          4          0          0          0          0   f2d.o
       348          8          0          0          0          0   faddsub.o
        92          0          0          0          0          0   fcmp.o
       100          4          0          0          0          0   fcmpin.o
       352         10         64          0          0          0   fdiv.o
        76          0          0          0          0          0   ffixi.o
        94          0          0          0          0          0   fflti.o
        84          4          0          0          0          0   fgef.o
        84          4          0          0          0          0   flef.o
       176          4          0          0          0          0   fmul.o
        16          6          0          0          0          0   fnan2.o
        94          0          0          0          0          0   retnan.o
         0          0          0          0          0          0   usenofp.o

    ----------------------------------------------------------------------
      4672        136        192          0         96          0   Library Totals
        12          0          0          0          0          0   (incl. Padding)

    ----------------------------------------------------------------------

      Code (inc. data)   RO Data    RW Data    ZI Data      Debug   Library Name

       266         16          0          0         96          0   c_p.l
      4394        120        192          0          0          0   fz_ps.l

    ----------------------------------------------------------------------
      4672        136        192          0         96          0   Library Totals

    ----------------------------------------------------------------------

==============================================================================


      Code (inc. data)   RO Data    RW Data    ZI Data      Debug   

     20420       1638       1192         16       2392          0   Grand Totals
     20420       1638       1192         16       2392          0   ELF Image Totals
     20420       1638       1192         16          0          0   ROM Totals

==============================================================================

    Total RO  Size (Code + RO Data)                21612 (  21.11kB)
    Total RW  Size (RW Data + ZI Data)              2408 (   2.35kB)
    Total ROM Size (Code + RO Data + RW Data)      21628 (  21.12kB)

==============================================================================

